Component: Arm Compiler for Embedded 6.19 Tool: armlink [5e73cb00]

==============================================================================

Section Cross References

    main.o(.ARM.exidx.text.LED_Set) refers to main.o(.text.LED_Set) for [Anonymous Symbol]
    main.o(.text.GPIOF_Handler) refers to main.o(.bss.xInputReadySemaphore) for xInputReadySemaphore
    main.o(.text.GPIOF_Handler) refers to queue.o(.text.xQueueGiveFromISR) for xQueueGiveFromISR
    main.o(.ARM.exidx.text.GPIOF_Handler) refers to main.o(.text.GPIOF_Handler) for [Anonymous Symbol]
    main.o(.text.GPIOPortB_Handler) refers to main.o(.bss.xInputReadySemaphore) for xInputReadySemaphore
    main.o(.text.GPIOPortB_Handler) refers to queue.o(.text.xQueueGiveFromISR) for xQueueGiveFromISR
    main.o(.ARM.exidx.text.GPIOPortB_Handler) refers to main.o(.text.GPIOPortB_Handler) for [Anonymous Symbol]
    main.o(.text.GPIOPortD_Handler) refers to main.o(.bss.xInputReadySemaphore) for xInputReadySemaphore
    main.o(.text.GPIOPortD_Handler) refers to queue.o(.text.xQueueGiveFromISR) for xQueueGiveFromISR
    main.o(.ARM.exidx.text.GPIOPortD_Handler) refers to main.o(.text.GPIOPortD_Handler) for [Anonymous Symbol]
    main.o(.text.GPIOPortE_Handler) refers to main.o(.bss.xInputReadySemaphore) for xInputReadySemaphore
    main.o(.text.GPIOPortE_Handler) refers to queue.o(.text.xQueueGiveFromISR) for xQueueGiveFromISR
    main.o(.ARM.exidx.text.GPIOPortE_Handler) refers to main.o(.text.GPIOPortE_Handler) for [Anonymous Symbol]
    main.o(.text.inputTask) refers to main.o(.bss.xInputReadySemaphore) for xInputReadySemaphore
    main.o(.text.inputTask) refers to queue.o(.text.xQueueSemaphoreTake) for xQueueSemaphoreTake
    main.o(.text.inputTask) refers to tasks.o(.text.vTaskDelay) for vTaskDelay
    main.o(.text.inputTask) refers to main.o(.text.ReadAllButtons) for ReadAllButtons
    main.o(.text.inputTask) refers to main.o(.bss.inputTask.conflict_active) for inputTask.conflict_active
    main.o(.text.inputTask) refers to main.o(.bss.xButtonEventQueue) for xButtonEventQueue
    main.o(.text.inputTask) refers to queue.o(.text.xQueueGenericSend) for xQueueGenericSend
    main.o(.text.inputTask) refers to main.o(.bss.xObstacleSemaphore) for xObstacleSemaphore
    main.o(.text.inputTask) refers to tasks.o(.text.xTaskGetTickCount) for xTaskGetTickCount
    main.o(.ARM.exidx.text.inputTask) refers to main.o(.text.inputTask) for [Anonymous Symbol]
    main.o(.ARM.exidx.text.ReadAllButtons) refers to main.o(.text.ReadAllButtons) for [Anonymous Symbol]
    main.o(.text.main) refers to main.o(.text.GPIO_Init) for GPIO_Init
    main.o(.text.main) refers to queue.o(.text.xQueueGenericCreate) for xQueueGenericCreate
    main.o(.text.main) refers to main.o(.bss.xButtonEventQueue) for xButtonEventQueue
    main.o(.text.main) refers to queue.o(.text.xQueueCreateMutex) for xQueueCreateMutex
    main.o(.text.main) refers to main.o(.bss.xGateStateMutex) for xGateStateMutex
    main.o(.text.main) refers to main.o(.bss.xInputReadySemaphore) for xInputReadySemaphore
    main.o(.text.main) refers to main.o(.bss.xObstacleSemaphore) for xObstacleSemaphore
    main.o(.text.main) refers to safety_task.o(.text.safetyTask) for safetyTask
    main.o(.text.main) refers to main.o(.rodata.str1.1) for .L.str
    main.o(.text.main) refers to tasks.o(.text.xTaskCreate) for xTaskCreate
    main.o(.text.main) refers to main.o(.text.inputTask) for inputTask
    main.o(.text.main) refers to gate_control.o(.text.gateControlTask) for gateControlTask
    main.o(.text.main) refers to gate_control.o(.text.ledControlTask) for ledControlTask
    main.o(.text.main) refers to tasks.o(.text.vTaskStartScheduler) for vTaskStartScheduler
    main.o(.ARM.exidx.text.main) refers to main.o(.text.main) for [Anonymous Symbol]
    main.o(.ARM.exidx.text.GPIO_Init) refers to main.o(.text.GPIO_Init) for [Anonymous Symbol]
    gate_control.o(.text.gateControlTask) refers to main.o(.bss.xButtonEventQueue) for xButtonEventQueue
    gate_control.o(.text.gateControlTask) refers to queue.o(.text.xQueueReceive) for xQueueReceive
    gate_control.o(.text.gateControlTask) refers to main.o(.bss.xGateStateMutex) for xGateStateMutex
    gate_control.o(.text.gateControlTask) refers to queue.o(.text.xQueueSemaphoreTake) for xQueueSemaphoreTake
    gate_control.o(.text.gateControlTask) refers to gate_control.o(.bss.currentGateState) for currentGateState
    gate_control.o(.text.gateControlTask) refers to queue.o(.text.xQueueGenericSend) for xQueueGenericSend
    gate_control.o(.ARM.exidx.text.gateControlTask) refers to gate_control.o(.text.gateControlTask) for [Anonymous Symbol]
    gate_control.o(.text.ledControlTask) refers to main.o(.bss.xGateStateMutex) for xGateStateMutex
    gate_control.o(.text.ledControlTask) refers to queue.o(.text.xQueueSemaphoreTake) for xQueueSemaphoreTake
    gate_control.o(.text.ledControlTask) refers to gate_control.o(.bss.currentGateState) for currentGateState
[...]
    .ARM.Collect$$rtexit$$00000004           0x0000030c   Section        6  rtexit2.o(.ARM.Collect$$rtexit$$00000004)
    $v0                                      0x00000314   Number         0  startup_tm4c123.o(.text)
    .text                                    0x00000314   Section      276  startup_tm4c123.o(.text)
    .text                                    0x00000428   Section      138  rt_memcpy_v6.o(.text)
    .text                                    0x000004b2   Section       16  aeabi_memset4.o(.text)
    .text                                    0x000004c2   Section       68  rt_memclr.o(.text)
    .text                                    0x00000506   Section        0  heapauxi.o(.text)
    .text                                    0x0000050c   Section      100  rt_memcpy_w.o(.text)
    .text                                    0x00000570   Section       78  rt_memclr_w.o(.text)
    .text                                    0x000005be   Section       74  sys_stackheap_outer.o(.text)
    .text                                    0x00000608   Section        0  exit.o(.text)
    .text                                    0x0000061c   Section        8  libspace.o(.text)
    .text                                    0x00000624   Section        0  sys_exit.o(.text)
    .text                                    0x00000630   Section        2  use_no_semi.o(.text)
    .text                                    0x00000632   Section        0  indicate_semi.o(.text)
    [Anonymous Symbol]                       0x00000634   Section        0  clib_os.o(.text.$Sub$$_fp_init)
    [Anonymous Symbol]                       0x0000064c   Section        0  main.o(.text.GPIOF_Handler)
    GPIO_Init                                0x000006ad   Thumb Code   740  main.o(.text.GPIO_Init)
    [Anonymous Symbol]                       0x000006ac   Section        0  main.o(.text.GPIO_Init)
    [Anonymous Symbol]                       0x00000990   Section        0  main.o(.text.LED_Set)
    [Anonymous Symbol]                       0x000009ac   Section        0  port.o(.text.PendSV_Handler)
    [Anonymous Symbol]                       0x00000a0c   Section        0  main.o(.text.ReadAllButtons)
    [Anonymous Symbol]                       0x00000ad8   Section        0  port.o(.text.SVC_Handler)
    [Anonymous Symbol]                       0x00000af8   Section        0  cmsis_os2.o(.text.SysTick_Handler)
    [Anonymous Symbol]                       0x00000b18   Section        0  system_tm4c123.o(.text.SystemInit)
    __tagsym$$used.1                         0x00000c24   Number         0  clib_os.o(.text._mutex_acquire)
    [Anonymous Symbol]                       0x00000c24   Section        0  clib_os.o(.text._mutex_acquire)
    __tagsym$$used.3                         0x00000c4c   Number         0  clib_os.o(.text._mutex_free)
    [Anonymous Symbol]                       0x00000c4c   Section        0  clib_os.o(.text._mutex_free)
    __tagsym$$used.0                         0x00000ca0   Number         0  clib_os.o(.text._mutex_initialize)
    [Anonymous Symbol]                       0x00000ca0   Section        0  clib_os.o(.text._mutex_initialize)
    __tagsym$$used.2                         0x00000d48   Number         0  clib_os.o(.text._mutex_release)
    [Anonymous Symbol]                       0x00000d48   Section        0  clib_os.o(.text._mutex_release)
    [Anonymous Symbol]                       0x00000d74   Section        0  clib_os.o(.text._platform_post_stackheap_init)
    [Anonymous Symbol]                       0x00000d78   Section        0  gate_control.o(.text.gateControlTask)
    [Anonymous Symbol]                       0x00000f40   Section        0  main.o(.text.inputTask)
    is_thread_mode                           0x00001189   Thumb Code    32  clib_os.o(.text.is_thread_mode)
    [Anonymous Symbol]                       0x00001188   Section        0  clib_os.o(.text.is_thread_mode)
    [Anonymous Symbol]                       0x000011a8   Section        0  gate_control.o(.text.ledControlTask)
    [Anonymous Symbol]                       0x00001220   Section        0  main.o(.text.main)
    os_kernel_is_active                      0x00001355   Thumb Code    32  clib_os.o(.text.os_kernel_is_active)
    [Anonymous Symbol]                       0x00001354   Section        0  clib_os.o(.text.os_kernel_is_active)
    prvAddCurrentTaskToDelayedList           0x00001375   Thumb Code   270  tasks.o(.text.prvAddCurrentTaskToDelayedList)
    [Anonymous Symbol]                       0x00001374   Section        0  tasks.o(.text.prvAddCurrentTaskToDelayedList)
    prvAddNewTaskToReadyList                 0x00001485   Thumb Code   368  tasks.o(.text.prvAddNewTaskToReadyList)
    [Anonymous Symbol]                       0x00001484   Section        0  tasks.o(.text.prvAddNewTaskToReadyList)
    prvCheckForValidListAndQueue             0x000015f5   Thumb Code   126  timers.o(.text.prvCheckForValidListAndQueue)
    [Anonymous Symbol]                       0x000015f4   Section        0  timers.o(.text.prvCheckForValidListAndQueue)
    prvCheckTasksWaitingTermination          0x00001675   Thumb Code    90  tasks.o(.text.prvCheckTasksWaitingTermination)
    [Anonymous Symbol]                       0x00001674   Section        0  tasks.o(.text.prvCheckTasksWaitingTermination)
    prvCopyDataFromQueue                     0x000016d1   Thumb Code    66  queue.o(.text.prvCopyDataFromQueue)
    [Anonymous Symbol]                       0x000016d0   Section        0  queue.o(.text.prvCopyDataFromQueue)
    prvCopyDataToQueue                       0x00001715   Thumb Code   204  queue.o(.text.prvCopyDataToQueue)
    [Anonymous Symbol]                       0x00001714   Section        0  queue.o(.text.prvCopyDataToQueue)
    prvCreateIdleTasks                       0x000017e1   Thumb Code   216  tasks.o(.text.prvCreateIdleTasks)
    [Anonymous Symbol]                       0x000017e0   Section        0  tasks.o(.text.prvCreateIdleTasks)
    prvCreateStaticTask                      0x000018b9   Thumb Code   170  tasks.o(.text.prvCreateStaticTask)
    [Anonymous Symbol]                       0x000018b8   Section        0  tasks.o(.text.prvCreateStaticTask)
    prvCreateTask                            0x00001965   Thumb Code   142  tasks.o(.text.prvCreateTask)
    [Anonymous Symbol]                       0x00001964   Section        0  tasks.o(.text.prvCreateTask)
    prvDeleteTCB                             0x000019f5   Thumb Code    80  tasks.o(.text.prvDeleteTCB)
    [Anonymous Symbol]                       0x000019f4   Section        0  tasks.o(.text.prvDeleteTCB)
    prvGetHighestPriorityOfWaitToReceiveList 0x00001a45   Thumb Code    38  queue.o(.text.prvGetHighestPriorityOfWaitToReceiveList)
    [Anonymous Symbol]                       0x00001a44   Section        0  queue.o(.text.prvGetHighestPriorityOfWaitToReceiveList)
    prvGetNextExpireTime                     0x00001a6d   Thumb Code    64  timers.o(.text.prvGetNextExpireTime)
    [Anonymous Symbol]                       0x00001a6c   Section        0  timers.o(.text.prvGetNextExpireTime)
    prvHeapInit                              0x00001aad   Thumb Code   170  heap_4.o(.text.prvHeapInit)
    [Anonymous Symbol]                       0x00001aac   Section        0  heap_4.o(.text.prvHeapInit)
    prvIdleTask                              0x00001b59   Thumb Code    56  tasks.o(.text.prvIdleTask)
    [Anonymous Symbol]                       0x00001b58   Section        0  tasks.o(.text.prvIdleTask)
    prvInitialiseMutex                       0x00001b91   Thumb Code    44  queue.o(.text.prvInitialiseMutex)
    [Anonymous Symbol]                       0x00001b90   Section        0  queue.o(.text.prvInitialiseMutex)
    prvInitialiseNewQueue                    0x00001bbd   Thumb Code    72  queue.o(.text.prvInitialiseNewQueue)
    [Anonymous Symbol]                       0x00001bbc   Section        0  queue.o(.text.prvInitialiseNewQueue)
    prvInitialiseNewTask                     0x00001c05   Thumb Code   264  tasks.o(.text.prvInitialiseNewTask)
    [Anonymous Symbol]                       0x00001c04   Section        0  tasks.o(.text.prvInitialiseNewTask)
    prvInitialiseTaskLists                   0x00001d0d   Thumb Code   142  tasks.o(.text.prvInitialiseTaskLists)
    [Anonymous Symbol]                       0x00001d0c   Section        0  tasks.o(.text.prvInitialiseTaskLists)
    prvInsertBlockIntoFreeList               0x00001d9d   Thumb Code   280  heap_4.o(.text.prvInsertBlockIntoFreeList)
    [Anonymous Symbol]                       0x00001d9c   Section        0  heap_4.o(.text.prvInsertBlockIntoFreeList)
    prvInsertTimerInActiveList               0x00001eb5   Thumb Code   134  timers.o(.text.prvInsertTimerInActiveList)
    [Anonymous Symbol]                       0x00001eb4   Section        0  timers.o(.text.prvInsertTimerInActiveList)
    prvIsQueueEmpty                          0x00001f3d   Thumb Code    40  queue.o(.text.prvIsQueueEmpty)
    [Anonymous Symbol]                       0x00001f3c   Section        0  queue.o(.text.prvIsQueueEmpty)
    prvIsQueueFull                           0x00001f65   Thumb Code    46  queue.o(.text.prvIsQueueFull)
    [Anonymous Symbol]                       0x00001f64   Section        0  queue.o(.text.prvIsQueueFull)
    prvPortStartFirstTask                    0x00001f95   Thumb Code    40  port.o(.text.prvPortStartFirstTask)
    [Anonymous Symbol]                       0x00001f94   Section        0  port.o(.text.prvPortStartFirstTask)
    prvProcessExpiredTimer                   0x00001fbd   Thumb Code    84  timers.o(.text.prvProcessExpiredTimer)
    [Anonymous Symbol]                       0x00001fbc   Section        0  timers.o(.text.prvProcessExpiredTimer)
    prvProcessReceivedCommands               0x00002011   Thumb Code   378  timers.o(.text.prvProcessReceivedCommands)
    [Anonymous Symbol]                       0x00002010   Section        0  timers.o(.text.prvProcessReceivedCommands)
    prvProcessTimerOrBlockTask               0x0000218d   Thumb Code   154  timers.o(.text.prvProcessTimerOrBlockTask)
    [Anonymous Symbol]                       0x0000218c   Section        0  timers.o(.text.prvProcessTimerOrBlockTask)
    prvReloadTimer                           0x00002229   Thumb Code    52  timers.o(.text.prvReloadTimer)
    [Anonymous Symbol]                       0x00002228   Section        0  timers.o(.text.prvReloadTimer)
    prvResetNextTaskUnblockTime              0x0000225d   Thumb Code    60  tasks.o(.text.prvResetNextTaskUnblockTime)
    [Anonymous Symbol]                       0x0000225c   Section        0  tasks.o(.text.prvResetNextTaskUnblockTime)
    prvSampleTimeNow                         0x00002299   Thumb Code    68  timers.o(.text.prvSampleTimeNow)
    [Anonymous Symbol]                       0x00002298   Section        0  timers.o(.text.prvSampleTimeNow)
    prvSwitchTimerLists                      0x000022dd   Thumb Code    82  timers.o(.text.prvSwitchTimerLists)
    [Anonymous Symbol]                       0x000022dc   Section        0  timers.o(.text.prvSwitchTimerLists)
    prvTaskExitError                         0x00002331   Thumb Code    62  port.o(.text.prvTaskExitError)
    [Anonymous Symbol]                       0x00002330   Section        0  port.o(.text.prvTaskExitError)
    prvTimerTask                             0x00002371   Thumb Code    30  timers.o(.text.prvTimerTask)
    [Anonymous Symbol]                       0x00002370   Section        0  timers.o(.text.prvTimerTask)
    prvUnlockQueue                           0x00002391   Thumb Code   174  queue.o(.text.prvUnlockQueue)
    [Anonymous Symbol]                       0x00002390   Section        0  queue.o(.text.prvUnlockQueue)
    [Anonymous Symbol]                       0x00002440   Section        0  heap_4.o(.text.pvPortMalloc)
    [Anonymous Symbol]                       0x000026f8   Section        0  tasks.o(.text.pvTaskIncrementMutexHeldCount)
    [Anonymous Symbol]                       0x0000271c   Section        0  port.o(.text.pxPortInitialiseStack)
    [Anonymous Symbol]                       0x0000277c   Section        0  safety_task.o(.text.safetyTask)
    [Anonymous Symbol]                       0x00002828   Section        0  list.o(.text.uxListRemove)
    [Anonymous Symbol]                       0x00002870   Section        0  tasks.o(.text.uxTaskGetNumberOfTasks)
    [Anonymous Symbol]                       0x0000287c   Section        0  tasks.o(.text.vApplicationGetIdleTaskMemory)
    [Anonymous Symbol]                       0x000028a8   Section        0  tasks.o(.text.vApplicationGetTimerTaskMemory)
    [Anonymous Symbol]                       0x000028d4   Section        0  cmsis_os2.o(.text.vApplicationStackOverflowHook)
    [Anonymous Symbol]                       0x000028e4   Section        0  list.o(.text.vListInitialise)
    [Anonymous Symbol]                       0x00002914   Section        0  list.o(.text.vListInitialiseItem)
    [Anonymous Symbol]                       0x00002924   Section        0  list.o(.text.vListInsert)
    vPortEnableVFP                           0x00002991   Thumb Code    20  port.o(.text.vPortEnableVFP)
    [Anonymous Symbol]                       0x00002990   Section        0  port.o(.text.vPortEnableVFP)
    [Anonymous Symbol]                       0x000029a4   Section        0  port.o(.text.vPortEnterCritical)
    [Anonymous Symbol]                       0x000029ec   Section        0  port.o(.text.vPortExitCritical)
    [Anonymous Symbol]                       0x00002a28   Section        0  heap_4.o(.text.vPortFree)
    [Anonymous Symbol]                       0x00002b08   Section        0  port.o(.text.vPortSetupTimerInterrupt)
    [Anonymous Symbol]                       0x00002b4c   Section        0  port.o(.text.vPortValidateInterruptPriority)
    [Anonymous Symbol]                       0x00002bb4   Section        0  queue.o(.text.vQueueDelete)
    [Anonymous Symbol]                       0x00002be4   Section        0  queue.o(.text.vQueueWaitForMessageRestricted)
    [Anonymous Symbol]                       0x00002c48   Section        0  tasks.o(.text.vTaskDelay)
    [Anonymous Symbol]                       0x00002cac   Section        0  tasks.o(.text.vTaskInternalSetTimeOutState)
    [Anonymous Symbol]                       0x00002cd0   Section        0  tasks.o(.text.vTaskMissedYield)
    [Anonymous Symbol]                       0x00002ce0   Section        0  tasks.o(.text.vTaskPlaceOnEventList)
    [Anonymous Symbol]                       0x00002d14   Section        0  tasks.o(.text.vTaskPlaceOnEventListRestricted)
    [Anonymous Symbol]                       0x00002d88   Section        0  tasks.o(.text.vTaskPriorityDisinheritAfterTimeout)
    [Anonymous Symbol]                       0x00002ef0   Section        0  tasks.o(.text.vTaskStartScheduler)
    [Anonymous Symbol]                       0x00002f74   Section        0  tasks.o(.text.vTaskSuspendAll)
    __tagsym$$used.0                         0x00002f84   Number         0  tasks.o(.text.vTaskSwitchContext)
    [Anonymous Symbol]                       0x00002f84   Section        0  tasks.o(.text.vTaskSwitchContext)
    [Anonymous Symbol]                       0x000030bc   Section        0  port.o(.text.xPortStartScheduler)
    [Anonymous Symbol]                       0x00003268   Section        0  port.o(.text.xPortSysTickHandler)
    [Anonymous Symbol]                       0x000032a8   Section        0  queue.o(.text.xQueueCreateMutex)
    [Anonymous Symbol]                       0x000032d0   Section        0  queue.o(.text.xQueueCreateMutexStatic)
    [Anonymous Symbol]                       0x00003304   Section        0  queue.o(.text.xQueueGenericCreate)
    [Anonymous Symbol]                       0x00003398   Section        0  queue.o(.text.xQueueGenericCreateStatic)
    [Anonymous Symbol]                       0x00003438   Section        0  queue.o(.text.xQueueGenericReset)
    [Anonymous Symbol]                       0x00003524   Section        0  queue.o(.text.xQueueGenericSend)
    [Anonymous Symbol]                       0x00003718   Section        0  queue.o(.text.xQueueGiveFromISR)
    [Anonymous Symbol]                       0x0000383c   Section        0  queue.o(.text.xQueueReceive)
    [Anonymous Symbol]                       0x000039f0   Section        0  queue.o(.text.xQueueSemaphoreTake)
    [Anonymous Symbol]                       0x00003bd8   Section        0  tasks.o(.text.xTaskCheckForTimeOut)
    [Anonymous Symbol]                       0x00003cb8   Section        0  tasks.o(.text.xTaskCreate)
    [Anonymous Symbol]                       0x00003d0c   Section        0  tasks.o(.text.xTaskCreateStatic)
    [Anonymous Symbol]                       0x00003d68   Section        0  tasks.o(.text.xTaskGetSchedulerState)
    [Anonymous Symbol]                       0x00003da0   Section        0  tasks.o(.text.xTaskGetTickCount)
    [Anonymous Symbol]                       0x00003db4   Section        0  tasks.o(.text.xTaskIncrementTick)
    [Anonymous Symbol]                       0x0000402c   Section        0  tasks.o(.text.xTaskPriorityDisinherit)
    [Anonymous Symbol]                       0x0000414c   Section        0  tasks.o(.text.xTaskPriorityInherit)
    [Anonymous Symbol]                       0x000042a8   Section        0  tasks.o(.text.xTaskRemoveFromEventList)
    [Anonymous Symbol]                       0x0000444c   Section        0  tasks.o(.text.xTaskResumeAll)
    [Anonymous Symbol]                       0x00004694   Section        0  timers.o(.text.xTimerCreateTimerTask)
    $v0                                      0x0000471a   Number         0  fpinit.o(x$fpl$fpinit)
    x$fpl$fpinit                             0x0000471a   Section       26  fpinit.o(x$fpl$fpinit)
    .L.str.3                                 0x00004734   Data           8  main.o(.rodata.str1.1)
    [Anonymous Symbol]                       0x00004734   Section        0  main.o(.rodata.str1.1)
    .L.str.2                                 0x0000473c   Data           9  main.o(.rodata.str1.1)
    .L.str.1                                 0x00004745   Data           6  main.o(.rodata.str1.1)
    .L.str                                   0x0000474b   Data           7  main.o(.rodata.str1.1)
    .L.str                                   0x00004752   Data           5  tasks.o(.rodata.str1.1)
    [Anonymous Symbol]                       0x00004752   Section        0  tasks.o(.rodata.str1.1)
    .L.str                                   0x00004757   Data           8  timers.o(.rodata.str1.1)
    [Anonymous Symbol]                       0x00004757   Section        0  timers.o(.rodata.str1.1)
    uxTopUsedPriority                        0x00004760   Data           4  tasks.o(.rodata.uxTopUsedPriority)
    [Anonymous Symbol]                       0x00004760   Section        0  tasks.o(.rodata.uxTopUsedPriority)
    uxCriticalNesting                        0x20000004   Data           4  port.o(.data.uxCriticalNesting)
    [Anonymous Symbol]                       0x20000004   Section        0  port.o(.data.uxCriticalNesting)
    .bss                                     0x20000008   Section       96  libspace.o(.bss)
    clib_mutex_cb                            0x20000068   Data         400  clib_os.o(.bss.clib_mutex_cb)
    [Anonymous Symbol]                       0x20000068   Section        0  clib_os.o(.bss.clib_mutex_cb)
    clib_mutex_id                            0x200001f8   Data          20  clib_os.o(.bss.clib_mutex_id)
    [Anonymous Symbol]                       0x200001f8   Section        0  clib_os.o(.bss.clib_mutex_id)
    inputTask.conflict_active                0x2000020d   Data           1  main.o(.bss.inputTask.conflict_active)
    [Anonymous Symbol]                       0x2000020d   Section        0  main.o(.bss.inputTask.conflict_active)
    prvCheckForValidListAndQueue.ucStaticTimerQueueStorage 0x2000020e   Data          80  timers.o(.bss.prvCheckForValidListAndQueue.ucStaticTimerQueueStorage)
    [Anonymous Symbol]                       0x2000020e   Section        0  timers.o(.bss.prvCheckForValidListAndQueue.ucStaticTimerQueueStorage)
    prvCheckForValidListAndQueue.xStaticTimerQueue 0x20000260   Data          80  timers.o(.bss.prvCheckForValidListAndQueue.xStaticTimerQueue)
    [Anonymous Symbol]                       0x20000260   Section        0  timers.o(.bss.prvCheckForValidListAndQueue.xStaticTimerQueue)
    prvSampleTimeNow.xLastTime               0x200002b0   Data           4  timers.o(.bss.prvSampleTimeNow.xLastTime)
    [Anonymous Symbol]                       0x200002b0   Section        0  timers.o(.bss.prvSampleTimeNow.xLastTime)
    __tagsym$$used.1                         0x200002b4   Number         0  tasks.o(.bss.pxCurrentTCB)
    pxCurrentTimerList                       0x200002b8   Data           4  timers.o(.bss.pxCurrentTimerList)
    [Anonymous Symbol]                       0x200002b8   Section        0  timers.o(.bss.pxCurrentTimerList)
    pxDelayedTaskList                        0x200002bc   Data           4  tasks.o(.bss.pxDelayedTaskList)
    [Anonymous Symbol]                       0x200002bc   Section        0  tasks.o(.bss.pxDelayedTaskList)
    pxEnd                                    0x200002c0   Data           4  heap_4.o(.bss.pxEnd)
    [Anonymous Symbol]                       0x200002c0   Section        0  heap_4.o(.bss.pxEnd)
    pxOverflowDelayedTaskList                0x200002c4   Data           4  tasks.o(.bss.pxOverflowDelayedTaskList)
    [Anonymous Symbol]                       0x200002c4   Section        0  tasks.o(.bss.pxOverflowDelayedTaskList)
    pxOverflowTimerList                      0x200002c8   Data           4  timers.o(.bss.pxOverflowTimerList)
    [Anonymous Symbol]                       0x200002c8   Section        0  timers.o(.bss.pxOverflowTimerList)
    pxReadyTasksLists                        0x200002cc   Data        1120  tasks.o(.bss.pxReadyTasksLists)
    [Anonymous Symbol]                       0x200002cc   Section        0  tasks.o(.bss.pxReadyTasksLists)
    ucHeap                                   0x2000072c   Data        8192  heap_4.o(.bss.ucHeap)
    [Anonymous Symbol]                       0x2000072c   Section        0  heap_4.o(.bss.ucHeap)
    ucMaxSysCallPriority                     0x2000272c   Data           1  port.o(.bss.ucMaxSysCallPriority)
    [Anonymous Symbol]                       0x2000272c   Section        0  port.o(.bss.ucMaxSysCallPriority)
    ulMaxPRIGROUPValue                       0x20002730   Data           4  port.o(.bss.ulMaxPRIGROUPValue)
    [Anonymous Symbol]                       0x20002730   Section        0  port.o(.bss.ulMaxPRIGROUPValue)
    uxCurrentNumberOfTasks                   0x20002734   Data           4  tasks.o(.bss.uxCurrentNumberOfTasks)
    [Anonymous Symbol]                       0x20002734   Section        0  tasks.o(.bss.uxCurrentNumberOfTasks)
    uxDeletedTasksWaitingCleanUp             0x20002738   Data           4  tasks.o(.bss.uxDeletedTasksWaitingCleanUp)
    [Anonymous Symbol]                       0x20002738   Section        0  tasks.o(.bss.uxDeletedTasksWaitingCleanUp)
    uxSchedulerSuspended                     0x2000273c   Data           4  tasks.o(.bss.uxSchedulerSuspended)
    [Anonymous Symbol]                       0x2000273c   Section        0  tasks.o(.bss.uxSchedulerSuspended)
    uxTaskNumber                             0x20002740   Data           4  tasks.o(.bss.uxTaskNumber)
    [Anonymous Symbol]                       0x20002740   Section        0  tasks.o(.bss.uxTaskNumber)
    uxTopReadyPriority                       0x20002744   Data           4  tasks.o(.bss.uxTopReadyPriority)
    [Anonymous Symbol]                       0x20002744   Section        0  tasks.o(.bss.uxTopReadyPriority)
    vApplicationGetIdleTaskMemory.uxIdleTaskStack 0x20002748   Data         512  tasks.o(.bss.vApplicationGetIdleTaskMemory.uxIdleTaskStack)
    [Anonymous Symbol]                       0x20002748   Section        0  tasks.o(.bss.vApplicationGetIdleTaskMemory.uxIdleTaskStack)
    vApplicationGetIdleTaskMemory.xIdleTaskTCB 0x20002948   Data          92  tasks.o(.bss.vApplicationGetIdleTaskMemory.xIdleTaskTCB)
    [Anonymous Symbol]                       0x20002948   Section        0  tasks.o(.bss.vApplicationGetIdleTaskMemory.xIdleTaskTCB)
    vApplicationGetTimerTaskMemory.uxTimerTaskStack 0x200029a4   Data         512  tasks.o(.bss.vApplicationGetTimerTaskMemory.uxTimerTaskStack)
    [Anonymous Symbol]                       0x200029a4   Section        0  tasks.o(.bss.vApplicationGetTimerTaskMemory.uxTimerTaskStack)
    vApplicationGetTimerTaskMemory.xTimerTaskTCB 0x20002ba4   Data          92  tasks.o(.bss.vApplicationGetTimerTaskMemory.xTimerTaskTCB)
    [Anonymous Symbol]                       0x20002ba4   Section        0  tasks.o(.bss.vApplicationGetTimerTaskMemory.xTimerTaskTCB)
    xActiveTimerList1                        0x20002c00   Data          20  timers.o(.bss.xActiveTimerList1)
    [Anonymous Symbol]                       0x20002c00   Section        0  timers.o(.bss.xActiveTimerList1)
    xActiveTimerList2                        0x20002c14   Data          20  timers.o(.bss.xActiveTimerList2)
    [Anonymous Symbol]                       0x20002c14   Section        0  timers.o(.bss.xActiveTimerList2)
    xDelayedTaskList1                        0x20002c2c   Data          20  tasks.o(.bss.xDelayedTaskList1)
    [Anonymous Symbol]                       0x20002c2c   Section        0  tasks.o(.bss.xDelayedTaskList1)
    xDelayedTaskList2                        0x20002c40   Data          20  tasks.o(.bss.xDelayedTaskList2)
    [Anonymous Symbol]                       0x20002c40   Section        0  tasks.o(.bss.xDelayedTaskList2)
    xFreeBytesRemaining                      0x20002c54   Data           4  heap_4.o(.bss.xFreeBytesRemaining)
    [Anonymous Symbol]                       0x20002c54   Section        0  heap_4.o(.bss.xFreeBytesRemaining)
    xIdleTaskHandles                         0x20002c5c   Data           4  tasks.o(.bss.xIdleTaskHandles)
    [Anonymous Symbol]                       0x20002c5c   Section        0  tasks.o(.bss.xIdleTaskHandles)
    xMinimumEverFreeBytesRemaining           0x20002c64   Data           4  heap_4.o(.bss.xMinimumEverFreeBytesRemaining)
    [Anonymous Symbol]                       0x20002c64   Section        0  heap_4.o(.bss.xMinimumEverFreeBytesRemaining)
    xNextTaskUnblockTime                     0x20002c68   Data           4  tasks.o(.bss.xNextTaskUnblockTime)
    [Anonymous Symbol]                       0x20002c68   Section        0  tasks.o(.bss.xNextTaskUnblockTime)
    xNumOfOverflows                          0x20002c6c   Data           4  tasks.o(.bss.xNumOfOverflows)
    [Anonymous Symbol]                       0x20002c6c   Section        0  tasks.o(.bss.xNumOfOverflows)
    xNumberOfSuccessfulAllocations           0x20002c70   Data           4  heap_4.o(.bss.xNumberOfSuccessfulAllocations)
    [Anonymous Symbol]                       0x20002c70   Section        0  heap_4.o(.bss.xNumberOfSuccessfulAllocations)
    xNumberOfSuccessfulFrees                 0x20002c74   Data           4  heap_4.o(.bss.xNumberOfSuccessfulFrees)
    [Anonymous Symbol]                       0x20002c74   Section        0  heap_4.o(.bss.xNumberOfSuccessfulFrees)
    xPendedTicks                             0x20002c7c   Data           4  tasks.o(.bss.xPendedTicks)
    [Anonymous Symbol]                       0x20002c7c   Section        0  tasks.o(.bss.xPendedTicks)
    xPendingReadyList                        0x20002c80   Data          20  tasks.o(.bss.xPendingReadyList)
    [Anonymous Symbol]                       0x20002c80   Section        0  tasks.o(.bss.xPendingReadyList)
    xSchedulerRunning                        0x20002c94   Data           4  tasks.o(.bss.xSchedulerRunning)
    [Anonymous Symbol]                       0x20002c94   Section        0  tasks.o(.bss.xSchedulerRunning)
    xStart                                   0x20002c98   Data           8  heap_4.o(.bss.xStart)
    [Anonymous Symbol]                       0x20002c98   Section        0  heap_4.o(.bss.xStart)
    xSuspendedTaskList                       0x20002ca0   Data          20  tasks.o(.bss.xSuspendedTaskList)
    [Anonymous Symbol]                       0x20002ca0   Section        0  tasks.o(.bss.xSuspendedTaskList)
    xTasksWaitingTermination                 0x20002cb4   Data          20  tasks.o(.bss.xTasksWaitingTermination)
    [Anonymous Symbol]                       0x20002cb4   Section        0  tasks.o(.bss.xTasksWaitingTermination)
    xTickCount                               0x20002cc8   Data           4  tasks.o(.bss.xTickCount)
    [Anonymous Symbol]                       0x20002cc8   Section        0  tasks.o(.bss.xTickCount)
    xTimerQueue                              0x20002ccc   Data           4  timers.o(.bss.xTimerQueue)
    [Anonymous Symbol]                       0x20002ccc   Section        0  timers.o(.bss.xTimerQueue)
    xTimerTaskHandle                         0x20002cd0   Data           4  timers.o(.bss.xTimerTaskHandle)
    [Anonymous Symbol]                       0x20002cd0   Section        0  timers.o(.bss.xTimerTaskHandle)
    xYieldPendings                           0x20002cd4   Data           4  tasks.o(.bss.xYieldPendings)
    [Anonymous Symbol]                       0x20002cd4   Section        0  tasks.o(.bss.xYieldPendings)
    Heap_Mem                                 0x20002cd8   Data           0  startup_tm4c123.o(HEAP)
    Stack_Mem                                0x20002cd8   Data         512  startup_tm4c123.o(STACK)
    HEAP                                     0x20002cd8   Section        0  startup_tm4c123.o(HEAP)
    STACK                                    0x20002cd8   Section      512  startup_tm4c123.o(STACK)
    __initial_sp                             0x20002ed8   Data           0  startup_tm4c123.o(STACK)

    Global Symbols

    Symbol Name                              Value     Ov Type        Size  Object(Section)

    BuildAttributes$$THM_ISAv4$E$P$D$K$B$S$7EM$VFPi3$EXTD16$VFPS$VFMA$PE$A:L22UL41UL21$X:L11$S22US41US21$IEEE1$IW$~IW$USESV6$~STKCKD$USESV7$~SHL$OSPACE$ROPI$EBA8$UX$STANDARDLIB$REQ8$PRES8$EABIv2 0x00000000   Number         0  anon$$obj.o ABSOLUTE
    __Vectors                                0x00000000   Data           4  startup_tm4c123.o(RESET)
    __ARM_exceptions_init                     - Undefined Weak Reference
    __alloca_initialize                       - Undefined Weak Reference
    __arm_preinit_                            - Undefined Weak Reference
    __arm_relocate_pie_                       - Undefined Weak Reference
    __cpp_initialize__aeabi_                  - Undefined Weak Reference
    __cxa_finalize                            - Undefined Weak Reference
    __rt_locale                               - Undefined Weak Reference
    __sigvec_lookup                           - Undefined Weak Reference
    _atexit_init                              - Undefined Weak Reference
    _call_atexit_fns                          - Undefined Weak Reference
    _clock_init                               - Undefined Weak Reference
    _fp_trap_init                             - Undefined Weak Reference
    _fp_trap_shutdown                         - Undefined Weak Reference
    _get_lc_collate                           - Undefined Weak Reference
    _get_lc_ctype                             - Undefined Weak Reference
    _get_lc_monetary                          - Undefined Weak Reference
    _get_lc_numeric                           - Undefined Weak Reference
    _get_lc_time                              - Undefined Weak Reference
    _getenv_init                              - Undefined Weak Reference
    _handle_redirection                       - Undefined Weak Reference
    _init_alloc                               - Undefined Weak Reference
    _init_user_alloc                          - Undefined Weak Reference
    _initio                                   - Undefined Weak Reference
    _rand_init                                - Undefined Weak Reference
    _signal_finish                            - Undefined Weak Reference
    _signal_init                              - Undefined Weak Reference
    _terminate_alloc                          - Undefined Weak Reference
    _terminate_user_alloc                     - Undefined Weak Reference
    _terminateio                              - Undefined Weak Reference
    __Vectors_End                            0x0000026c   Data           0  startup_tm4c123.o(RESET)
    __Vectors_Size                           0x0000026c   Number         0  startup_tm4c123.o ABSOLUTE
    __main                                   0x0000026d   Thumb Code     8  __main.o(!!!main)
    __scatterload                            0x00000275   Thumb Code     0  __scatter.o(!!!scatter)
    __scatterload_rt2                        0x00000275   Thumb Code    44  __scatter.o(!!!scatter)
    __scatterload_rt2_thumb_only             0x00000275   Thumb Code     0  __scatter.o(!!!scatter)
    __scatterload_null                       0x00000283   Thumb Code     0  __scatter.o(!!!scatter)
    __scatterload_copy                       0x000002a9   Thumb Code    26  __scatter_copy.o(!!handler_copy)
    __scatterload_zeroinit                   0x000002c5   Thumb Code    28  __scatter_zi.o(!!handler_zi)
    __rt_lib_init                            0x000002e1   Thumb Code     0  libinit.o(.ARM.Collect$$libinit$$00000000)
    __rt_lib_init_fp_1                       0x000002e3   Thumb Code     0  libinit2.o(.ARM.Collect$$libinit$$00000001)
    __rt_lib_init_alloca_1                   0x000002e7   Thumb Code     0  libinit2.o(.ARM.Collect$$libinit$$00000030)
    __rt_lib_init_argv_1                     0x000002e7   Thumb Code     0  libinit2.o(.ARM.Collect$$libinit$$0000002E)
    __rt_lib_init_atexit_1                   0x000002e7   Thumb Code     0  libinit2.o(.ARM.Collect$$libinit$$0000001D)
    __rt_lib_init_clock_1                    0x000002e7   Thumb Code     0  libinit2.o(.ARM.Collect$$libinit$$00000023)
    __rt_lib_init_cpp_1                      0x000002e7   Thumb Code     0  libinit2.o(.ARM.Collect$$libinit$$00000034)
    __rt_lib_init_exceptions_1               0x000002e7   Thumb Code     0  libinit2.o(.ARM.Collect$$libinit$$00000032)
    __rt_lib_init_fp_trap_1                  0x000002e7   Thumb Code     0  libinit2.o(.ARM.Collect$$libinit$$00000021)
    __rt_lib_init_getenv_1                   0x000002e7   Thumb Code     0  libinit2.o(.ARM.Collect$$libinit$$00000025)
    __rt_lib_init_heap_1                     0x000002e7   Thumb Code     0  libinit2.o(.ARM.Collect$$libinit$$0000000C)
    __rt_lib_init_lc_collate_1               0x000002e7   Thumb Code     0  libinit2.o(.ARM.Collect$$libinit$$00000013)
    __rt_lib_init_lc_ctype_1                 0x000002e7   Thumb Code     0  libinit2.o(.ARM.Collect$$libinit$$00000015)
    __rt_lib_init_lc_monetary_1              0x000002e7   Thumb Code     0  libinit2.o(.ARM.Collect$$libinit$$00000017)
    __rt_lib_init_lc_numeric_1               0x000002e7   Thumb Code     0  libinit2.o(.ARM.Collect$$libinit$$00000019)
    __rt_lib_init_lc_time_1                  0x000002e7   Thumb Code     0  libinit2.o(.ARM.Collect$$libinit$$0000001B)
    __rt_lib_init_preinit_1                  0x000002e7   Thumb Code     0  libinit2.o(.ARM.Collect$$libinit$$00000006)
    __rt_lib_init_rand_1                     0x000002e7   Thumb Code     0  libinit2.o(.ARM.Collect$$libinit$$00000010)
    __rt_lib_init_relocate_pie_1             0x000002e7   Thumb Code     0  libinit2.o(.ARM.Collect$$libinit$$00000004)
    __rt_lib_init_return                     0x000002e7   Thumb Code     0  libinit2.o(.ARM.Collect$$libinit$$00000035)
    __rt_lib_init_signal_1                   0x000002e7   Thumb Code     0  libinit2.o(.ARM.Collect$$libinit$$0000001F)
    __rt_lib_init_stdio_1                    0x000002e7   Thumb Code     0  libinit2.o(.ARM.Collect$$libinit$$00000027)
    __rt_lib_init_user_alloc_1               0x000002e7   Thumb Code     0  libinit2.o(.ARM.Collect$$libinit$$0000000E)
    __rt_lib_shutdown                        0x000002e9   Thumb Code     0  libshutdown.o(.ARM.Collect$$libshutdown$$00000000)
    __rt_lib_shutdown_cpp_1                  0x000002eb   Thumb Code     0  libshutdown2.o(.ARM.Collect$$libshutdown$$00000002)
    __rt_lib_shutdown_fp_trap_1              0x000002eb   Thumb Code     0  libshutdown2.o(.ARM.Collect$$libshutdown$$00000007)
    __rt_lib_shutdown_heap_1                 0x000002eb   Thumb Code     0  libshutdown2.o(.ARM.Collect$$libshutdown$$0000000F)
    __rt_lib_shutdown_return                 0x000002eb   Thumb Code     0  libshutdown2.o(.ARM.Collect$$libshutdown$$00000010)
    __rt_lib_shutdown_signal_1               0x000002eb   Thumb Code     0  libshutdown2.o(.ARM.Collect$$libshutdown$$0000000A)
    __rt_lib_shutdown_stdio_1                0x000002eb   Thumb Code     0  libshutdown2.o(.ARM.Collect$$libshutdown$$00000004)
    __rt_lib_shutdown_user_alloc_1           0x000002eb   Thumb Code     0  libshutdown2.o(.ARM.Collect$$libshutdown$$0000000C)
    __rt_entry                               0x000002ed   Thumb Code     0  __rtentry.o(.ARM.Collect$$rtentry$$00000000)
    __rt_entry_presh_1                       0x000002ed   Thumb Code     0  __rtentry2.o(.ARM.Collect$$rtentry$$00000002)
    __rt_entry_sh                            0x000002ed   Thumb Code     0  __rtentry4.o(.ARM.Collect$$rtentry$$00000004)
    __rt_entry_postsh_1                      0x000002f3   Thumb Code     0  __rtentry2.o(.ARM.Collect$$rtentry$$00000008)
    __rt_entry_li                            0x000002fb   Thumb Code     0  __rtentry2.o(.ARM.Collect$$rtentry$$0000000A)
    __rt_entry_main                          0x000002ff   Thumb Code     0  __rtentry2.o(.ARM.Collect$$rtentry$$0000000D)
    __rt_entry_postli_1                      0x000002ff   Thumb Code     0  __rtentry2.o(.ARM.Collect$$rtentry$$0000000C)
    __rt_exit                                0x00000307   Thumb Code     0  rtexit.o(.ARM.Collect$$rtexit$$00000000)
    __rt_exit_ls                             0x00000309   Thumb Code     0  rtexit2.o(.ARM.Collect$$rtexit$$00000003)
    __rt_exit_prels_1                        0x00000309   Thumb Code     0  rtexit2.o(.ARM.Collect$$rtexit$$00000002)
    __rt_exit_exit                           0x0000030d   Thumb Code     0  rtexit2.o(.ARM.Collect$$rtexit$$00000004)
    Reset_Handler                            0x00000315   Thumb Code     8  startup_tm4c123.o(.text)
    NMI_Handler                              0x0000031d   Thumb Code     2  startup_tm4c123.o(.text)
    HardFault_Handler                        0x0000031f   Thumb Code     2  startup_tm4c123.o(.text)
    MemManage_Handler                        0x00000321   Thumb Code     2  startup_tm4c123.o(.text)
    BusFault_Handler                         0x00000323   Thumb Code     2  startup_tm4c123.o(.text)
    UsageFault_Handler                       0x00000325   Thumb Code     2  startup_tm4c123.o(.text)
    DebugMon_Handler                         0x00000329   Thumb Code     2  startup_tm4c123.o(.text)
    GPIOA_Handler                            0x0000032f   Thumb Code     2  startup_tm4c123.o(.text)
    GPIOB_Handler                            0x00000331   Thumb Code     2  startup_tm4c123.o(.text)
    GPIOC_Handler                            0x00000333   Thumb Code     2  startup_tm4c123.o(.text)
    GPIOD_Handler                            0x00000335   Thumb Code     2  startup_tm4c123.o(.text)
    GPIOE_Handler                            0x00000337   Thumb Code     2  startup_tm4c123.o(.text)
    UART0_Handler                            0x00000339   Thumb Code     2  startup_tm4c123.o(.text)
    UART1_Handler                            0x0000033b   Thumb Code     2  startup_tm4c123.o(.text)
    SSI0_Handler                             0x0000033d   Thumb Code     2  startup_tm4c123.o(.text)
    I2C0_Handler                             0x0000033f   Thumb Code     2  startup_tm4c123.o(.text)
    PMW0_FAULT_Handler                       0x00000341   Thumb Code     2  startup_tm4c123.o(.text)
    PWM0_0_Handler                           0x00000343   Thumb Code     2  startup_tm4c123.o(.text)
    PWM0_1_Handler                           0x00000345   Thumb Code     2  startup_tm4c123.o(.text)
    PWM0_2_Handler                           0x00000347   Thumb Code     2  startup_tm4c123.o(.text)
    QEI0_Handler                             0x00000349   Thumb Code     2  startup_tm4c123.o(.text)
    ADC0SS0_Handler                          0x0000034b   Thumb Code     2  startup_tm4c123.o(.text)
    ADC0SS1_Handler                          0x0000034d   Thumb Code     2  startup_tm4c123.o(.text)
    ADC0SS2_Handler                          0x0000034f   Thumb Code     2  startup_tm4c123.o(.text)
    ADC0SS3_Handler                          0x00000351   Thumb Code     2  startup_tm4c123.o(.text)
    WDT0_Handler                             0x00000353   Thumb Code     2  startup_tm4c123.o(.text)
    TIMER0A_Handler                          0x00000355   Thumb Code     2  startup_tm4c123.o(.text)
    TIMER0B_Handler                          0x00000357   Thumb Code     2  startup_tm4c123.o(.text)
    TIMER1A_Handler                          0x00000359   Thumb Code     2  startup_tm4c123.o(.text)
    TIMER1B_Handler                          0x0000035b   Thumb Code     2  startup_tm4c123.o(.text)
    TIMER2A_Handler                          0x0000035d   Thumb Code     2  startup_tm4c123.o(.text)
    TIMER2B_Handler                          0x0000035f   Thumb Code     2  startup_tm4c123.o(.text)
    COMP0_Handler                            0x00000361   Thumb Code     2  startup_tm4c123.o(.text)
    COMP1_Handler                            0x00000363   Thumb Code     2  startup_tm4c123.o(.text)
    COMP2_Handler                            0x00000365   Thumb Code     2  startup_tm4c123.o(.text)
    SYSCTL_Handler                           0x00000367   Thumb Code     2  startup_tm4c123.o(.text)
    FLASH_Handler                            0x00000369   Thumb Code     2  startup_tm4c123.o(.text)
    GPIOG_Handler                            0x0000036d   Thumb Code     2  startup_tm4c123.o(.text)
    GPIOH_Handler                            0x0000036f   Thumb Code     2  startup_tm4c123.o(.text)
    UART2_Handler                            0x00000371   Thumb Code     2  startup_tm4c123.o(.text)
    SSI1_Handler                             0x00000373   Thumb Code     2  startup_tm4c123.o(.text)
    TIMER3A_Handler                          0x00000375   Thumb Code     2  startup_tm4c123.o(.text)
    TIMER3B_Handler                          0x00000377   Thumb Code     2  startup_tm4c123.o(.text)
    I2C1_Handler                             0x00000379   Thumb Code     2  startup_tm4c123.o(.text)
    QEI1_Handler                             0x0000037b   Thumb Code     2  startup_tm4c123.o(.text)
    CAN0_Handler                             0x0000037d   Thumb Code     2  startup_tm4c123.o(.text)
    CAN1_Handler                             0x0000037f   Thumb Code     2  startup_tm4c123.o(.text)
    CAN2_Handler                             0x00000381   Thumb Code     2  startup_tm4c123.o(.text)
    HIB_Handler                              0x00000383   Thumb Code     2  startup_tm4c123.o(.text)
    USB0_Handler                             0x00000385   Thumb Code     2  startup_tm4c123.o(.text)
    PWM0_3_Handler                           0x00000387   Thumb Code     2  startup_tm4c123.o(.text)
    UDMA_Handler                             0x00000389   Thumb Code     2  startup_tm4c123.o(.text)
    UDMAERR_Handler                          0x0000038b   Thumb Code     2  startup_tm4c123.o(.text)
    ADC1SS0_Handler                          0x0000038d   Thumb Code     2  startup_tm4c123.o(.text)
    ADC1SS1_Handler                          0x0000038f   Thumb Code     2  startup_tm4c123.o(.text)
    ADC1SS2_Handler                          0x00000391   Thumb Code     2  startup_tm4c123.o(.text)
    ADC1SS3_Handler                          0x00000393   Thumb Code     2  startup_tm4c123.o(.text)
    GPIOJ_Handler                            0x00000395   Thumb Code     2  startup_tm4c123.o(.text)
    GPIOK_Handler                            0x00000397   Thumb Code     2  startup_tm4c123.o(.text)
    GPIOL_Handler                            0x00000399   Thumb Code     2  startup_tm4c123.o(.text)
    SSI2_Handler                             0x0000039b   Thumb Code     2  startup_tm4c123.o(.text)
    SSI3_Handler                             0x0000039d   Thumb Code     2  startup_tm4c123.o(.text)
    UART3_Handler                            0x0000039f   Thumb Code     2  startup_tm4c123.o(.text)
    UART4_Handler                            0x000003a1   Thumb Code     2  startup_tm4c123.o(.text)
    UART5_Handler                            0x000003a3   Thumb Code     2  startup_tm4c123.o(.text)
    UART6_Handler                            0x000003a5   Thumb Code     2  startup_tm4c123.o(.text)
    UART7_Handler                            0x000003a7   Thumb Code     2  startup_tm4c123.o(.text)
    I2C2_Handler                             0x000003a9   Thumb Code     2  startup_tm4c123.o(.text)
    I2C3_Handler                             0x000003ab   Thumb Code     2  startup_tm4c123.o(.text)
    TIMER4A_Handler                          0x000003ad   Thumb Code     2  startup_tm4c123.o(.text)
    TIMER4B_Handler                          0x000003af   Thumb Code     2  startup_tm4c123.o(.text)
    TIMER5A_Handler                          0x000003b1   Thumb Code     2  startup_tm4c123.o(.text)
    TIMER5B_Handler                          0x000003b3   Thumb Code     2  startup_tm4c123.o(.text)
    WTIMER0A_Handler                         0x000003b5   Thumb Code     2  startup_tm4c123.o(.text)
    WTIMER0B_Handler                         0x000003b7   Thumb Code     2  startup_tm4c123.o(.text)
    WTIMER1A_Handler                         0x000003b9   Thumb Code     2  startup_tm4c123.o(.text)
    WTIMER1B_Handler                         0x000003bb   Thumb Code     2  startup_tm4c123.o(.text)
    WTIMER2A_Handler                         0x000003bd   Thumb Code     2  startup_tm4c123.o(.text)
    WTIMER2B_Handler                         0x000003bf   Thumb Code     2  startup_tm4c123.o(.text)
    WTIMER3A_Handler                         0x000003c1   Thumb Code     2  startup_tm4c123.o(.text)
    WTIMER3B_Handler                         0x000003c3   Thumb Code     2  startup_tm4c123.o(.text)
    WTIMER4A_Handler                         0x000003c5   Thumb Code     2  startup_tm4c123.o(.text)
    WTIMER4B_Handler                         0x000003c7   Thumb Code     2  startup_tm4c123.o(.text)
    WTIMER5A_Handler                         0x000003c9   Thumb Code     2  startup_tm4c123.o(.text)
    WTIMER5B_Handler                         0x000003cb   Thumb Code     2  startup_tm4c123.o(.text)
    FPU_Handler                              0x000003cd   Thumb Code     2  startup_tm4c123.o(.text)
    I2C4_Handler                             0x000003cf   Thumb Code     2  startup_tm4c123.o(.text)
    I2C5_Handler                             0x000003d1   Thumb Code     2  startup_tm4c123.o(.text)
    GPIOM_Handler                            0x000003d3   Thumb Code     2  startup_tm4c123.o(.text)
    GPION_Handler                            0x000003d5   Thumb Code     2  startup_tm4c123.o(.text)
    QEI2_Handler                             0x000003d7   Thumb Code     2  startup_tm4c123.o(.text)
    GPIOP0_Handler                           0x000003d9   Thumb Code     2  startup_tm4c123.o(.text)
    GPIOP1_Handler                           0x000003db   Thumb Code     2  startup_tm4c123.o(.text)
    GPIOP2_Handler                           0x000003dd   Thumb Code     2  startup_tm4c123.o(.text)
    GPIOP3_Handler                           0x000003df   Thumb Code     2  startup_tm4c123.o(.text)
    GPIOP4_Handler                           0x000003e1   Thumb Code     2  startup_tm4c123.o(.text)
    GPIOP5_Handler                           0x000003e3   Thumb Code     2  startup_tm4c123.o(.text)
    GPIOP6_Handler                           0x000003e5   Thumb Code     2  startup_tm4c123.o(.text)
    GPIOP7_Handler                           0x000003e7   Thumb Code     2  startup_tm4c123.o(.text)
    GPIOQ0_Handler                           0x000003e9   Thumb Code     2  startup_tm4c123.o(.text)
    GPIOQ1_Handler                           0x000003eb   Thumb Code     2  startup_tm4c123.o(.text)
    GPIOQ2_Handler                           0x000003ed   Thumb Code     2  startup_tm4c123.o(.text)
    GPIOQ3_Handler                           0x000003ef   Thumb Code     2  startup_tm4c123.o(.text)
    GPIOQ4_Handler                           0x000003f1   Thumb Code     2  startup_tm4c123.o(.text)
    GPIOQ5_Handler                           0x000003f3   Thumb Code     2  startup_tm4c123.o(.text)
    GPIOQ6_Handler                           0x000003f5   Thumb Code     2  startup_tm4c123.o(.text)
    GPIOQ7_Handler                           0x000003f7   Thumb Code     2  startup_tm4c123.o(.text)
    GPIOR_Handler                            0x000003f9   Thumb Code     2  startup_tm4c123.o(.text)
    GPIOS_Handler                            0x000003fb   Thumb Code     2  startup_tm4c123.o(.text)
    PMW1_0_Handler                           0x000003fd   Thumb Code     2  startup_tm4c123.o(.text)
    PWM1_1_Handler                           0x000003ff   Thumb Code     2  startup_tm4c123.o(.text)
    PWM1_2_Handler                           0x00000401   Thumb Code     2  startup_tm4c123.o(.text)
    PWM1_3_Handler                           0x00000403   Thumb Code     2  startup_tm4c123.o(.text)
    PWM1_FAULT_Handler                       0x00000405   Thumb Code     2  startup_tm4c123.o(.text)
    __user_initial_stackheap                 0x00000409   Thumb Code     0  startup_tm4c123.o(.text)
    __aeabi_memcpy                           0x00000429   Thumb Code     0  rt_memcpy_v6.o(.text)
    __rt_memcpy                              0x00000429   Thumb Code   138  rt_memcpy_v6.o(.text)
    _memcpy_lastbytes                        0x0000048f   Thumb Code     0  rt_memcpy_v6.o(.text)
    __aeabi_memset4                          0x000004b3   Thumb Code    16  aeabi_memset4.o(.text)
    __aeabi_memset8                          0x000004b3   Thumb Code     0  aeabi_memset4.o(.text)
    __aeabi_memclr                           0x000004c3   Thumb Code     0  rt_memclr.o(.text)
    __rt_memclr                              0x000004c3   Thumb Code     0  rt_memclr.o(.text)
    _memset                                  0x000004c7   Thumb Code    64  rt_memclr.o(.text)
    __use_two_region_memory                  0x00000507   Thumb Code     2  heapauxi.o(.text)
    __rt_heap_escrow$2region                 0x00000509   Thumb Code     2  heapauxi.o(.text)
    __rt_heap_expand$2region                 0x0000050b   Thumb Code     2  heapauxi.o(.text)
    __aeabi_memcpy4                          0x0000050d   Thumb Code     0  rt_memcpy_w.o(.text)
    __aeabi_memcpy8                          0x0000050d   Thumb Code     0  rt_memcpy_w.o(.text)
    __rt_memcpy_w                            0x0000050d   Thumb Code   100  rt_memcpy_w.o(.text)
    _memcpy_lastbytes_aligned                0x00000555   Thumb Code     0  rt_memcpy_w.o(.text)
    __aeabi_memclr4                          0x00000571   Thumb Code     0  rt_memclr_w.o(.text)
    __aeabi_memclr8                          0x00000571   Thumb Code     0  rt_memclr_w.o(.text)
    __rt_memclr_w                            0x00000571   Thumb Code     0  rt_memclr_w.o(.text)
    _memset_w                                0x00000575   Thumb Code    74  rt_memclr_w.o(.text)
    __user_setup_stackheap                   0x000005bf   Thumb Code    74  sys_stackheap_outer.o(.text)
    exit                                     0x00000609   Thumb Code    18  exit.o(.text)
    __user_libspace                          0x0000061d   Thumb Code     8  libspace.o(.text)
    __user_perproc_libspace                  0x0000061d   Thumb Code     0  libspace.o(.text)
    _sys_exit                                0x00000625   Thumb Code     8  sys_exit.o(.text)
    __I$use$semihosting                      0x00000631   Thumb Code     0  use_no_semi.o(.text)
    __use_no_semihosting_swi                 0x00000631   Thumb Code     2  use_no_semi.o(.text)
    __semihosting_library_function           0x00000633   Thumb Code     0  indicate_semi.o(.text)
    _fp_init                                 0x00000635   Thumb Code    22  clib_os.o(.text.$Sub$$_fp_init)
    GPIOF_Handler                            0x0000064d   Thumb Code    96  main.o(.text.GPIOF_Handler)
    LED_Set                                  0x00000991   Thumb Code    28  main.o(.text.LED_Set)
    PendSV_Handler                           0x000009ad   Thumb Code    96  port.o(.text.PendSV_Handler)
    ReadAllButtons                           0x00000a0d   Thumb Code   202  main.o(.text.ReadAllButtons)
    SVC_Handler                              0x00000ad9   Thumb Code    32  port.o(.text.SVC_Handler)
    SysTick_Handler                          0x00000af9   Thumb Code    30  cmsis_os2.o(.text.SysTick_Handler)
    SystemInit                               0x00000b19   Thumb Code   268  system_tm4c123.o(.text.SystemInit)
    _mutex_acquire                           0x00000c25   Thumb Code    40  clib_os.o(.text._mutex_acquire)
    _mutex_free                              0x00000c4d   Thumb Code    84  clib_os.o(.text._mutex_free)
    _mutex_initialize                        0x00000ca1   Thumb Code   168  clib_os.o(.text._mutex_initialize)
    _mutex_release                           0x00000d49   Thumb Code    42  clib_os.o(.text._mutex_release)
    _platform_post_stackheap_init            0x00000d75   Thumb Code     2  clib_os.o(.text._platform_post_stackheap_init)
    gateControlTask                          0x00000d79   Thumb Code   454  gate_control.o(.text.gateControlTask)
    inputTask                                0x00000f41   Thumb Code   584  main.o(.text.inputTask)
    ledControlTask                           0x000011a9   Thumb Code   120  gate_control.o(.text.ledControlTask)
    main                                     0x00001221   Thumb Code   308  main.o(.text.main)
    pvPortMalloc                             0x00002441   Thumb Code   696  heap_4.o(.text.pvPortMalloc)
    pvTaskIncrementMutexHeldCount            0x000026f9   Thumb Code    36  tasks.o(.text.pvTaskIncrementMutexHeldCount)
    pxPortInitialiseStack                    0x0000271d   Thumb Code    94  port.o(.text.pxPortInitialiseStack)
    safetyTask                               0x0000277d   Thumb Code   172  safety_task.o(.text.safetyTask)
    uxListRemove                             0x00002829   Thumb Code    72  list.o(.text.uxListRemove)
    uxTaskGetNumberOfTasks                   0x00002871   Thumb Code    12  tasks.o(.text.uxTaskGetNumberOfTasks)
    vApplicationGetIdleTaskMemory            0x0000287d   Thumb Code    42  tasks.o(.text.vApplicationGetIdleTaskMemory)
    vApplicationGetTimerTaskMemory           0x000028a9   Thumb Code    42  tasks.o(.text.vApplicationGetTimerTaskMemory)
    vApplicationStackOverflowHook            0x000028d5   Thumb Code    16  cmsis_os2.o(.text.vApplicationStackOverflowHook)
    vListInitialise                          0x000028e5   Thumb Code    46  list.o(.text.vListInitialise)
    vListInitialiseItem                      0x00002915   Thumb Code    14  list.o(.text.vListInitialiseItem)
    vListInsert                              0x00002925   Thumb Code   106  list.o(.text.vListInsert)
    vPortEnterCritical                       0x000029a5   Thumb Code    72  port.o(.text.vPortEnterCritical)
    vPortExitCritical                        0x000029ed   Thumb Code    60  port.o(.text.vPortExitCritical)
    vPortFree                                0x00002a29   Thumb Code   222  heap_4.o(.text.vPortFree)
    vPortSetupTimerInterrupt                 0x00002b09   Thumb Code    68  port.o(.text.vPortSetupTimerInterrupt)
    vPortValidateInterruptPriority           0x00002b4d   Thumb Code   104  port.o(.text.vPortValidateInterruptPriority)
    vQueueDelete                             0x00002bb5   Thumb Code    48  queue.o(.text.vQueueDelete)
    vQueueWaitForMessageRestricted           0x00002be5   Thumb Code   100  queue.o(.text.vQueueWaitForMessageRestricted)
    vTaskDelay                               0x00002c49   Thumb Code    98  tasks.o(.text.vTaskDelay)
    vTaskInternalSetTimeOutState             0x00002cad   Thumb Code    36  tasks.o(.text.vTaskInternalSetTimeOutState)
    vTaskMissedYield                         0x00002cd1   Thumb Code    14  tasks.o(.text.vTaskMissedYield)
    vTaskPlaceOnEventList                    0x00002ce1   Thumb Code    52  tasks.o(.text.vTaskPlaceOnEventList)
    vTaskPlaceOnEventListRestricted          0x00002d15   Thumb Code   114  tasks.o(.text.vTaskPlaceOnEventListRestricted)
    vTaskPriorityDisinheritAfterTimeout      0x00002d89   Thumb Code   358  tasks.o(.text.vTaskPriorityDisinheritAfterTimeout)
    vTaskStartScheduler                      0x00002ef1   Thumb Code   130  tasks.o(.text.vTaskStartScheduler)
    vTaskSuspendAll                          0x00002f75   Thumb Code    16  tasks.o(.text.vTaskSuspendAll)
    vTaskSwitchContext                       0x00002f85   Thumb Code   312  tasks.o(.text.vTaskSwitchContext)
    xPortStartScheduler                      0x000030bd   Thumb Code   428  port.o(.text.xPortStartScheduler)
    xPortSysTickHandler                      0x00003269   Thumb Code    62  port.o(.text.xPortSysTickHandler)
    xQueueCreateMutex                        0x000032a9   Thumb Code    38  queue.o(.text.xQueueCreateMutex)
    xQueueCreateMutexStatic                  0x000032d1   Thumb Code    50  queue.o(.text.xQueueCreateMutexStatic)
    xQueueGenericCreate                      0x00003305   Thumb Code   148  queue.o(.text.xQueueGenericCreate)
    xQueueGenericCreateStatic                0x00003399   Thumb Code   158  queue.o(.text.xQueueGenericCreateStatic)
    xQueueGenericReset                       0x00003439   Thumb Code   236  queue.o(.text.xQueueGenericReset)
    xQueueGenericSend                        0x00003525   Thumb Code   500  queue.o(.text.xQueueGenericSend)
    xQueueGiveFromISR                        0x00003719   Thumb Code   292  queue.o(.text.xQueueGiveFromISR)
    xQueueReceive                            0x0000383d   Thumb Code   434  queue.o(.text.xQueueReceive)
    xQueueSemaphoreTake                      0x000039f1   Thumb Code   486  queue.o(.text.xQueueSemaphoreTake)
    xTaskCheckForTimeOut                     0x00003bd9   Thumb Code   224  tasks.o(.text.xTaskCheckForTimeOut)
    xTaskCreate                              0x00003cb9   Thumb Code    82  tasks.o(.text.xTaskCreate)
    xTaskCreateStatic                        0x00003d0d   Thumb Code    92  tasks.o(.text.xTaskCreateStatic)
    xTaskGetSchedulerState                   0x00003d69   Thumb Code    56  tasks.o(.text.xTaskGetSchedulerState)
    xTaskGetTickCount                        0x00003da1   Thumb Code    20  tasks.o(.text.xTaskGetTickCount)
    xTaskIncrementTick                       0x00003db5   Thumb Code   630  tasks.o(.text.xTaskIncrementTick)
    xTaskPriorityDisinherit                  0x0000402d   Thumb Code   286  tasks.o(.text.xTaskPriorityDisinherit)
    xTaskPriorityInherit                     0x0000414d   Thumb Code   348  tasks.o(.text.xTaskPriorityInherit)
    xTaskRemoveFromEventList                 0x000042a9   Thumb Code   418  tasks.o(.text.xTaskRemoveFromEventList)
    xTaskResumeAll                           0x0000444d   Thumb Code   584  tasks.o(.text.xTaskResumeAll)
    xTimerCreateTimerTask                    0x00004695   Thumb Code   134  timers.o(.text.xTimerCreateTimerTask)
    $Super$$_fp_init                         0x0000471b   Thumb Code    26  fpinit.o(x$fpl$fpinit)
    __fplib_config_fpu_vfp                   0x00004733   Thumb Code     0  fpinit.o(x$fpl$fpinit)
    __fplib_config_pureend_doubles           0x00004733   Thumb Code     0  fpinit.o(x$fpl$fpinit)
    Region$$Table$$Base                      0x00004764   Number         0  anon$$obj.o(Region$$Table)
    Region$$Table$$Limit                     0x00004784   Number         0  anon$$obj.o(Region$$Table)
    SystemCoreClock                          0x20000000   Data           4  system_tm4c123.o(.data.SystemCoreClock)
    __libspace_start                         0x20000008   Data          96  libspace.o(.bss)
    __temporary_stack_top$libspace           0x20000068   Data           0  libspace.o(.bss)
    currentGateState                         0x2000020c   Data           1  gate_control.o(.bss.currentGateState)
    pxCurrentTCB                             0x200002b4   Data           4  tasks.o(.bss.pxCurrentTCB)
    xButtonEventQueue                        0x20002c28   Data           4  main.o(.bss.xButtonEventQueue)
    xGateStateMutex                          0x20002c58   Data           4  main.o(.bss.xGateStateMutex)
    xInputReadySemaphore                     0x20002c60   Data           4  main.o(.bss.xInputReadySemaphore)
    xObstacleSemaphore                       0x20002c78   Data           4  main.o(.bss.xObstacleSemaphore)



==============================================================================

Memory Map of the image

  Image Entry point : 0x00000315

  Load Region LR_1 (Base: 0x00000000, Size: 0x0000478c, Max: 0xffffffff, ABSOLUTE)

    Execution Region ER_RO (Exec base: 0x00000000, Load base: 0x00000000, Size: 0x00004784, Max: 0xffffffff, ABSOLUTE)

    Exec Addr    Load Addr    Size         Type   Attr      Idx    E Section Name        Object

    0x00000000   0x00000000   0x0000026c   Data   RO          276    RESET               startup_tm4c123.o
    0x0000026c   0x0000026c   0x00000008   Code   RO          784  * !!!main             c_w.l(__main.o)
    0x00000274   0x00000274   0x00000034   Code   RO          951    !!!scatter          c_w.l(__scatter.o)
    0x000002a8   0x000002a8   0x0000001a   Code   RO          953    !!handler_copy      c_w.l(__scatter_copy.o)
    0x000002c2   0x000002c2   0x00000002   PAD
    0x000002c4   0x000002c4   0x0000001c   Code   RO          955    !!handler_zi        c_w.l(__scatter_zi.o)
    0x000002e0   0x000002e0   0x00000002   Code   RO          815    .ARM.Collect$$libinit$$00000000  c_w.l(libinit.o)
    0x000002e2   0x000002e2   0x00000004   Code   RO          821    .ARM.Collect$$libinit$$00000001  c_w.l(libinit2.o)
    0x000002e6   0x000002e6   0x00000000   Code   RO          824    .ARM.Collect$$libinit$$00000004  c_w.l(libinit2.o)
    0x000002e6   0x000002e6   0x00000000   Code   RO          826    .ARM.Collect$$libinit$$00000006  c_w.l(libinit2.o)
    0x000002e6   0x000002e6   0x00000000   Code   RO          829    .ARM.Collect$$libinit$$0000000C  c_w.l(libinit2.o)
    0x000002e6   0x000002e6   0x00000000   Code   RO          831    .ARM.Collect$$libinit$$0000000E  c_w.l(libinit2.o)
    0x000002e6   0x000002e6   0x00000000   Code   RO          833    .ARM.Collect$$libinit$$00000010  c_w.l(libinit2.o)
    0x000002e6   0x000002e6   0x00000000   Code   RO          836    .ARM.Collect$$libinit$$00000013  c_w.l(libinit2.o)
    0x000002e6   0x000002e6   0x00000000   Code   RO          838    .ARM.Collect$$libinit$$00000015  c_w.l(libinit2.o)
    0x000002e6   0x000002e6   0x00000000   Code   RO          840    .ARM.Collect$$libinit$$00000017  c_w.l(libinit2.o)
    0x000002e6   0x000002e6   0x00000000   Code   RO          842    .ARM.Collect$$libinit$$00000019  c_w.l(libinit2.o)
    0x000002e6   0x000002e6   0x00000000   Code   RO          844    .ARM.Collect$$libinit$$0000001B  c_w.l(libinit2.o)
    0x000002e6   0x000002e6   0x00000000   Code   RO          846    .ARM.Collect$$libinit$$0000001D  c_w.l(libinit2.o)
    0x000002e6   0x000002e6   0x00000000   Code   RO          848    .ARM.Collect$$libinit$$0000001F  c_w.l(libinit2.o)
    0x000002e6   0x000002e6   0x00000000   Code   RO          850    .ARM.Collect$$libinit$$00000021  c_w.l(libinit2.o)
    0x000002e6   0x000002e6   0x00000000   Code   RO          852    .ARM.Collect$$libinit$$00000023  c_w.l(libinit2.o)
    0x000002e6   0x000002e6   0x00000000   Code   RO          854    .ARM.Collect$$libinit$$00000025  c_w.l(libinit2.o)
    0x000002e6   0x000002e6   0x00000000   Code   RO          856    .ARM.Collect$$libinit$$00000027  c_w.l(libinit2.o)
    0x000002e6   0x000002e6   0x00000000   Code   RO          860    .ARM.Collect$$libinit$$0000002E  c_w.l(libinit2.o)
    0x000002e6   0x000002e6   0x00000000   Code   RO          862    .ARM.Collect$$libinit$$00000030  c_w.l(libinit2.o)
    0x000002e6   0x000002e6   0x00000000   Code   RO          864    .ARM.Collect$$libinit$$00000032  c_w.l(libinit2.o)
    0x000002e6   0x000002e6   0x00000000   Code   RO          866    .ARM.Collect$$libinit$$00000034  c_w.l(libinit2.o)
    0x000002e6   0x000002e6   0x00000002   Code   RO          867    .ARM.Collect$$libinit$$00000035  c_w.l(libinit2.o)
    0x000002e8   0x000002e8   0x00000002   Code   RO          887    .ARM.Collect$$libshutdown$$00000000  c_w.l(libshutdown.o)
    0x000002ea   0x000002ea   0x00000000   Code   RO          902    .ARM.Collect$$libshutdown$$00000002  c_w.l(libshutdown2.o)
    0x000002ea   0x000002ea   0x00000000   Code   RO          904    .ARM.Collect$$libshutdown$$00000004  c_w.l(libshutdown2.o)
    0x000002ea   0x000002ea   0x00000000   Code   RO          907    .ARM.Collect$$libshutdown$$00000007  c_w.l(libshutdown2.o)
    0x000002ea   0x000002ea   0x00000000   Code   RO          910    .ARM.Collect$$libshutdown$$0000000A  c_w.l(libshutdown2.o)
    0x000002ea   0x000002ea   0x00000000   Code   RO          912    .ARM.Collect$$libshutdown$$0000000C  c_w.l(libshutdown2.o)
    0x000002ea   0x000002ea   0x00000000   Code   RO          915    .ARM.Collect$$libshutdown$$0000000F  c_w.l(libshutdown2.o)
    0x000002ea   0x000002ea   0x00000002   Code   RO          916    .ARM.Collect$$libshutdown$$00000010  c_w.l(libshutdown2.o)
    0x000002ec   0x000002ec   0x00000000   Code   RO          788    .ARM.Collect$$rtentry$$00000000  c_w.l(__rtentry.o)
    0x000002ec   0x000002ec   0x00000000   Code   RO          794    .ARM.Collect$$rtentry$$00000002  c_w.l(__rtentry2.o)
    0x000002ec   0x000002ec   0x00000006   Code   RO          806    .ARM.Collect$$rtentry$$00000004  c_w.l(__rtentry4.o)
    0x000002f2   0x000002f2   0x00000008   Code   RO          795    .ARM.Collect$$rtentry$$00000008  c_w.l(__rtentry2.o)
    0x000002fa   0x000002fa   0x00000004   Code   RO          797    .ARM.Collect$$rtentry$$0000000A  c_w.l(__rtentry2.o)
    0x000002fe   0x000002fe   0x00000000   Code   RO          799    .ARM.Collect$$rtentry$$0000000C  c_w.l(__rtentry2.o)
    0x000002fe   0x000002fe   0x00000008   Code   RO          800    .ARM.Collect$$rtentry$$0000000D  c_w.l(__rtentry2.o)
    0x00000306   0x00000306   0x00000002   Code   RO          819    .ARM.Collect$$rtexit$$00000000  c_w.l(rtexit.o)
    0x00000308   0x00000308   0x00000000   Code   RO          869    .ARM.Collect$$rtexit$$00000002  c_w.l(rtexit2.o)
    0x00000308   0x00000308   0x00000004   Code   RO          870    .ARM.Collect$$rtexit$$00000003  c_w.l(rtexit2.o)
    0x0000030c   0x0000030c   0x00000006   Code   RO          871    .ARM.Collect$$rtexit$$00000004  c_w.l(rtexit2.o)
    0x00000312   0x00000312   0x00000002   PAD
    0x00000314   0x00000314   0x00000114   Code   RO          277  * .text               startup_tm4c123.o
    0x00000428   0x00000428   0x0000008a   Code   RO          776    .text               c_w.l(rt_memcpy_v6.o)
    0x000004b2   0x000004b2   0x00000010   Code   RO          778    .text               c_w.l(aeabi_memset4.o)
    0x000004c2   0x000004c2   0x00000044   Code   RO          780    .text               c_w.l(rt_memclr.o)
    0x00000506   0x00000506   0x00000006   Code   RO          782    .text               c_w.l(heapauxi.o)
    0x0000050c   0x0000050c   0x00000064   Code   RO          789    .text               c_w.l(rt_memcpy_w.o)
    0x00000570   0x00000570   0x0000004e   Code   RO          791    .text               c_w.l(rt_memclr_w.o)
    0x000005be   0x000005be   0x0000004a   Code   RO          808    .text               c_w.l(sys_stackheap_outer.o)
    0x00000608   0x00000608   0x00000012   Code   RO          810    .text               c_w.l(exit.o)
    0x0000061a   0x0000061a   0x00000002   PAD
    0x0000061c   0x0000061c   0x00000008   Code   RO          816    .text               c_w.l(libspace.o)
    0x00000624   0x00000624   0x0000000c   Code   RO          877    .text               c_w.l(sys_exit.o)
    0x00000630   0x00000630   0x00000002   Code   RO          892    .text               c_w.l(use_no_semi.o)
    0x00000632   0x00000632   0x00000000   Code   RO          894    .text               c_w.l(indicate_semi.o)
    0x00000632   0x00000632   0x00000002   PAD
    0x00000634   0x00000634   0x00000016   Code   RO           57    .text.$Sub$$_fp_init  clib_os.o
    0x0000064a   0x0000064a   0x00000002   PAD
    0x0000064c   0x0000064c   0x00000060   Code   RO            4    .text.GPIOF_Handler  main.o
    0x000006ac   0x000006ac   0x000002e4   Code   RO           18    .text.GPIO_Init     main.o
    0x00000990   0x00000990   0x0000001c   Code   RO            2    .text.LED_Set       main.o
    0x000009ac   0x000009ac   0x00000060   Code   RO          363    .text.PendSV_Handler  port.o
    0x00000a0c   0x00000a0c   0x000000ca   Code   RO           14    .text.ReadAllButtons  main.o
    0x00000ad6   0x00000ad6   0x00000002   PAD
    0x00000ad8   0x00000ad8   0x00000020   Code   RO          359    .text.SVC_Handler   port.o
    0x00000af8   0x00000af8   0x0000001e   Code   RO           84    .text.SysTick_Handler  cmsis_os2.o
    0x00000b16   0x00000b16   0x00000002   PAD
    0x00000b18   0x00000b18   0x0000010c   Code   RO          288    .text.SystemInit    system_tm4c123.o
    0x00000c24   0x00000c24   0x00000028   Code   RO           65    .text._mutex_acquire  clib_os.o
    0x00000c4c   0x00000c4c   0x00000054   Code   RO           71    .text._mutex_free   clib_os.o
    0x00000ca0   0x00000ca0   0x000000a8   Code   RO           63    .text._mutex_initialize  clib_os.o
    0x00000d48   0x00000d48   0x0000002a   Code   RO           69    .text._mutex_release  clib_os.o
    0x00000d72   0x00000d72   0x00000002   PAD
    0x00000d74   0x00000d74   0x00000002   Code   RO           55    .text._platform_post_stackheap_init  clib_os.o
    0x00000d76   0x00000d76   0x00000002   PAD
    0x00000d78   0x00000d78   0x000001c6   Code   RO           35    .text.gateControlTask  gate_control.o
    0x00000f3e   0x00000f3e   0x00000002   PAD
    0x00000f40   0x00000f40   0x00000248   Code   RO           12    .text.inputTask     main.o
    0x00001188   0x00001188   0x00000020   Code   RO           67    .text.is_thread_mode  clib_os.o
    0x000011a8   0x000011a8   0x00000078   Code   RO           37    .text.ledControlTask  gate_control.o
    0x00001220   0x00001220   0x00000134   Code   RO           16    .text.main          main.o
    0x00001354   0x00001354   0x00000020   Code   RO           61    .text.os_kernel_is_active  clib_os.o
    0x00001374   0x00001374   0x0000010e   Code   RO          534    .text.prvAddCurrentTaskToDelayedList  tasks.o
    0x00001482   0x00001482   0x00000002   PAD
    0x00001484   0x00001484   0x00000170   Code   RO          518    .text.prvAddNewTaskToReadyList  tasks.o
    0x000015f4   0x000015f4   0x0000007e   Code   RO          696    .text.prvCheckForValidListAndQueue  timers.o
    0x00001672   0x00001672   0x00000002   PAD
    0x00001674   0x00001674   0x0000005a   Code   RO          568    .text.prvCheckTasksWaitingTermination  tasks.o
    0x000016ce   0x000016ce   0x00000002   PAD
    0x000016d0   0x000016d0   0x00000042   Code   RO          471    .text.prvCopyDataFromQueue  queue.o
    0x00001712   0x00001712   0x00000002   PAD
    0x00001714   0x00001714   0x000000cc   Code   RO          459    .text.prvCopyDataToQueue  queue.o
    0x000017e0   0x000017e0   0x000000d8   Code   RO          564    .text.prvCreateIdleTasks  tasks.o
    0x000018b8   0x000018b8   0x000000aa   Code   RO          516    .text.prvCreateStaticTask  tasks.o
    0x00001962   0x00001962   0x00000002   PAD
    0x00001964   0x00001964   0x0000008e   Code   RO          522    .text.prvCreateTask  tasks.o
    0x000019f2   0x000019f2   0x00000002   PAD
    0x000019f4   0x000019f4   0x00000050   Code   RO          528    .text.prvDeleteTCB  tasks.o
    0x00001a44   0x00001a44   0x00000026   Code   RO          475    .text.prvGetHighestPriorityOfWaitToReceiveList  queue.o
    0x00001a6a   0x00001a6a   0x00000002   PAD
    0x00001a6c   0x00001a6c   0x00000040   Code   RO          742    .text.prvGetNextExpireTime  timers.o
    0x00001aac   0x00001aac   0x000000aa   Code   RO          393    .text.prvHeapInit   heap_4.o
    0x00001b56   0x00001b56   0x00000002   PAD
    0x00001b58   0x00001b58   0x00000038   Code   RO          658    .text.prvIdleTask   tasks.o
    0x00001b90   0x00001b90   0x0000002c   Code   RO          439    .text.prvInitialiseMutex  queue.o
    0x00001bbc   0x00001bbc   0x00000048   Code   RO          431    .text.prvInitialiseNewQueue  queue.o
    0x00001c04   0x00001c04   0x00000108   Code   RO          654    .text.prvInitialiseNewTask  tasks.o
    0x00001d0c   0x00001d0c   0x0000008e   Code   RO          656    .text.prvInitialiseTaskLists  tasks.o
    0x00001d9a   0x00001d9a   0x00000002   PAD
    0x00001d9c   0x00001d9c   0x00000118   Code   RO          397    .text.prvInsertBlockIntoFreeList  heap_4.o
    0x00001eb4   0x00001eb4   0x00000086   Code   RO          756    .text.prvInsertTimerInActiveList  timers.o
    0x00001f3a   0x00001f3a   0x00000002   PAD
    0x00001f3c   0x00001f3c   0x00000028   Code   RO          473    .text.prvIsQueueEmpty  queue.o
    0x00001f64   0x00001f64   0x0000002e   Code   RO          461    .text.prvIsQueueFull  queue.o
    0x00001f92   0x00001f92   0x00000002   PAD
    0x00001f94   0x00001f94   0x00000028   Code   RO          369    .text.prvPortStartFirstTask  port.o
    0x00001fbc   0x00001fbc   0x00000054   Code   RO          750    .text.prvProcessExpiredTimer  timers.o
    0x00002010   0x00002010   0x0000017a   Code   RO          746    .text.prvProcessReceivedCommands  timers.o
    0x0000218a   0x0000218a   0x00000002   PAD
    0x0000218c   0x0000218c   0x0000009a   Code   RO          744    .text.prvProcessTimerOrBlockTask  timers.o
    0x00002226   0x00002226   0x00000002   PAD
    0x00002228   0x00002228   0x00000034   Code   RO          754    .text.prvReloadTimer  timers.o
    0x0000225c   0x0000225c   0x0000003c   Code   RO          526    .text.prvResetNextTaskUnblockTime  tasks.o
    0x00002298   0x00002298   0x00000044   Code   RO          748    .text.prvSampleTimeNow  timers.o
    0x000022dc   0x000022dc   0x00000052   Code   RO          752    .text.prvSwitchTimerLists  timers.o
    0x0000232e   0x0000232e   0x00000002   PAD
    0x00002330   0x00002330   0x0000003e   Code   RO          357    .text.prvTaskExitError  port.o
    0x0000236e   0x0000236e   0x00000002   PAD
    0x00002370   0x00002370   0x0000001e   Code   RO          698    .text.prvTimerTask  timers.o
    0x0000238e   0x0000238e   0x00000002   PAD
    0x00002390   0x00002390   0x000000ae   Code   RO          463    .text.prvUnlockQueue  queue.o
    0x0000243e   0x0000243e   0x00000002   PAD
    0x00002440   0x00002440   0x000002b8   Code   RO          391    .text.pvPortMalloc  heap_4.o
    0x000026f8   0x000026f8   0x00000024   Code   RO          632    .text.pvTaskIncrementMutexHeldCount  tasks.o
    0x0000271c   0x0000271c   0x0000005e   Code   RO          355    .text.pxPortInitialiseStack  port.o
    0x0000277a   0x0000277a   0x00000002   PAD
    0x0000277c   0x0000277c   0x000000ac   Code   RO           47    .text.safetyTask    safety_task.o
    0x00002828   0x00002828   0x00000048   Code   RO          346    .text.uxListRemove  list.o
    0x00002870   0x00002870   0x0000000c   Code   RO          576    .text.uxTaskGetNumberOfTasks  tasks.o
    0x0000287c   0x0000287c   0x0000002a   Code   RO          648    .text.vApplicationGetIdleTaskMemory  tasks.o
    0x000028a6   0x000028a6   0x00000002   PAD
    0x000028a8   0x000028a8   0x0000002a   Code   RO          650    .text.vApplicationGetTimerTaskMemory  tasks.o
    0x000028d2   0x000028d2   0x00000002   PAD
    0x000028d4   0x000028d4   0x00000010   Code   RO          238    .text.vApplicationStackOverflowHook  cmsis_os2.o
    0x000028e4   0x000028e4   0x0000002e   Code   RO          338    .text.vListInitialise  list.o
    0x00002912   0x00002912   0x00000002   PAD
    0x00002914   0x00002914   0x0000000e   Code   RO          340    .text.vListInitialiseItem  list.o
    0x00002922   0x00002922   0x00000002   PAD
    0x00002924   0x00002924   0x0000006a   Code   RO          344    .text.vListInsert   list.o
    0x0000298e   0x0000298e   0x00000002   PAD
    0x00002990   0x00002990   0x00000014   Code   RO          367    .text.vPortEnableVFP  port.o
    0x000029a4   0x000029a4   0x00000048   Code   RO          373    .text.vPortEnterCritical  port.o
    0x000029ec   0x000029ec   0x0000003c   Code   RO          375    .text.vPortExitCritical  port.o
    0x00002a28   0x00002a28   0x000000de   Code   RO          395    .text.vPortFree     heap_4.o
    0x00002b06   0x00002b06   0x00000002   PAD
    0x00002b08   0x00002b08   0x00000044   Code   RO          365    .text.vPortSetupTimerInterrupt  port.o
    0x00002b4c   0x00002b4c   0x00000068   Code   RO          379    .text.vPortValidateInterruptPriority  port.o
    0x00002bb4   0x00002bb4   0x00000030   Code   RO          489    .text.vQueueDelete  queue.o
    0x00002be4   0x00002be4   0x00000064   Code   RO          505    .text.vQueueWaitForMessageRestricted  queue.o
    0x00002c48   0x00002c48   0x00000062   Code   RO          538    .text.vTaskDelay    tasks.o
    0x00002caa   0x00002caa   0x00000002   PAD
    0x00002cac   0x00002cac   0x00000024   Code   RO          602    .text.vTaskInternalSetTimeOutState  tasks.o
    0x00002cd0   0x00002cd0   0x0000000e   Code   RO          606    .text.vTaskMissedYield  tasks.o
    0x00002cde   0x00002cde   0x00000002   PAD
    0x00002ce0   0x00002ce0   0x00000034   Code   RO          590    .text.vTaskPlaceOnEventList  tasks.o
    0x00002d14   0x00002d14   0x00000072   Code   RO          594    .text.vTaskPlaceOnEventListRestricted  tasks.o
    0x00002d86   0x00002d86   0x00000002   PAD
    0x00002d88   0x00002d88   0x00000166   Code   RO          628    .text.vTaskPriorityDisinheritAfterTimeout  tasks.o
    0x00002eee   0x00002eee   0x00000002   PAD
    0x00002ef0   0x00002ef0   0x00000082   Code   RO          562    .text.vTaskStartScheduler  tasks.o
    0x00002f72   0x00002f72   0x00000002   PAD
    0x00002f74   0x00002f74   0x00000010   Code   RO          532    .text.vTaskSuspendAll  tasks.o
    0x00002f84   0x00002f84   0x00000138   Code   RO          554    .text.vTaskSwitchContext  tasks.o
    0x000030bc   0x000030bc   0x000001ac   Code   RO          361    .text.xPortStartScheduler  port.o
    0x00003268   0x00003268   0x0000003e   Code   RO          377    .text.xPortSysTickHandler  port.o
    0x000032a6   0x000032a6   0x00000002   PAD
    0x000032a8   0x000032a8   0x00000026   Code   RO          437    .text.xQueueCreateMutex  queue.o
    0x000032ce   0x000032ce   0x00000002   PAD
    0x000032d0   0x000032d0   0x00000032   Code   RO          441    .text.xQueueCreateMutexStatic  queue.o
    0x00003302   0x00003302   0x00000002   PAD
    0x00003304   0x00003304   0x00000094   Code   RO          435    .text.xQueueGenericCreate  queue.o
    0x00003398   0x00003398   0x0000009e   Code   RO          429    .text.xQueueGenericCreateStatic  queue.o
    0x00003436   0x00003436   0x00000002   PAD
    0x00003438   0x00003438   0x000000ec   Code   RO          427    .text.xQueueGenericReset  queue.o
    0x00003524   0x00003524   0x000001f4   Code   RO          449    .text.xQueueGenericSend  queue.o
    0x00003718   0x00003718   0x00000124   Code   RO          467    .text.xQueueGiveFromISR  queue.o
    0x0000383c   0x0000383c   0x000001b2   Code   RO          469    .text.xQueueReceive  queue.o
    0x000039ee   0x000039ee   0x00000002   PAD
    0x000039f0   0x000039f0   0x000001e6   Code   RO          453    .text.xQueueSemaphoreTake  queue.o
    0x00003bd6   0x00003bd6   0x00000002   PAD
    0x00003bd8   0x00003bd8   0x000000e0   Code   RO          604    .text.xTaskCheckForTimeOut  tasks.o
    0x00003cb8   0x00003cb8   0x00000052   Code   RO          520    .text.xTaskCreate   tasks.o
    0x00003d0a   0x00003d0a   0x00000002   PAD
    0x00003d0c   0x00003d0c   0x0000005c   Code   RO          514    .text.xTaskCreateStatic  tasks.o
    0x00003d68   0x00003d68   0x00000038   Code   RO          622    .text.xTaskGetSchedulerState  tasks.o
    0x00003da0   0x00003da0   0x00000014   Code   RO          572    .text.xTaskGetTickCount  tasks.o
    0x00003db4   0x00003db4   0x00000276   Code   RO          570    .text.xTaskIncrementTick  tasks.o
    0x0000402a   0x0000402a   0x00000002   PAD
    0x0000402c   0x0000402c   0x0000011e   Code   RO          626    .text.xTaskPriorityDisinherit  tasks.o
    0x0000414a   0x0000414a   0x00000002   PAD
    0x0000414c   0x0000414c   0x0000015c   Code   RO          624    .text.xTaskPriorityInherit  tasks.o
    0x000042a8   0x000042a8   0x000001a2   Code   RO          596    .text.xTaskRemoveFromEventList  tasks.o
    0x0000444a   0x0000444a   0x00000002   PAD
    0x0000444c   0x0000444c   0x00000248   Code   RO          536    .text.xTaskResumeAll  tasks.o
    0x00004694   0x00004694   0x00000086   Code   RO          694    .text.xTimerCreateTimerTask  timers.o
    0x0000471a   0x0000471a   0x0000001a   Code   RO          786    x$fpl$fpinit        fz_wm.l(fpinit.o)
    0x00004734   0x00004734   0x0000001e   Data   RO           26    .rodata.str1.1      main.o
    0x00004752   0x00004752   0x00000005   Data   RO          686    .rodata.str1.1      tasks.o
    0x00004757   0x00004757   0x00000008   Data   RO          759    .rodata.str1.1      timers.o
    0x0000475f   0x0000475f   0x00000001   PAD
    0x00004760   0x00004760   0x00000004   Data   RO          677    .rodata.uxTopUsedPriority  tasks.o
    0x00004764   0x00004764   0x00000020   Data   RO          950    Region$$Table       anon$$obj.o


    Execution Region ER_RW (Exec base: 0x20000000, Load base: 0x00004784, Size: 0x00000008, Max: 0xffffffff, ABSOLUTE)

    Exec Addr    Load Addr    Size         Type   Attr      Idx    E Section Name        Object

    0x20000000   0x00004784   0x00000004   Data   RW          290    .data.SystemCoreClock  system_tm4c123.o
    0x20000004   0x00004788   0x00000004   Data   RW          383    .data.uxCriticalNesting  port.o


    Execution Region ER_ZI (Exec base: 0x20000008, Load base: 0x0000478c, Size: 0x00002ed0, Max: 0xffffffff, ABSOLUTE)

    Exec Addr    Load Addr    Size         Type   Attr      Idx    E Section Name        Object

    0x20000008        -       0x00000060   Zero   RW          817    .bss                c_w.l(libspace.o)
    0x20000068        -       0x00000190   Zero   RW           76    .bss.clib_mutex_cb  clib_os.o
    0x200001f8        -       0x00000014   Zero   RW           75    .bss.clib_mutex_id  clib_os.o
    0x2000020c        -       0x00000001   Zero   RW           39    .bss.currentGateState  gate_control.o
    0x2000020d        -       0x00000001   Zero   RW           21    .bss.inputTask.conflict_active  main.o
    0x2000020e        -       0x00000050   Zero   RW          767    .bss.prvCheckForValidListAndQueue.ucStaticTimerQueueStorage  timers.o
    0x2000025e   0x0000478c   0x00000002   PAD
    0x20000260        -       0x00000050   Zero   RW          766    .bss.prvCheckForValidListAndQueue.xStaticTimerQueue  timers.o
    0x200002b0        -       0x00000004   Zero   RW          763    .bss.prvSampleTimeNow.xLastTime  timers.o
    0x200002b4        -       0x00000004   Zero   RW          660    .bss.pxCurrentTCB   tasks.o
    0x200002b8        -       0x00000004   Zero   RW          761    .bss.pxCurrentTimerList  timers.o
    0x200002bc        -       0x00000004   Zero   RW          668    .bss.pxDelayedTaskList  tasks.o
    0x200002c0        -       0x00000004   Zero   RW          413    .bss.pxEnd          heap_4.o
    0x200002c4        -       0x00000004   Zero   RW          669    .bss.pxOverflowDelayedTaskList  tasks.o
    0x200002c8        -       0x00000004   Zero   RW          762    .bss.pxOverflowTimerList  timers.o
    0x200002cc        -       0x00000460   Zero   RW          672    .bss.pxReadyTasksLists  tasks.o
    0x2000072c        -       0x00002000   Zero   RW          416    .bss.ucHeap         heap_4.o
    0x2000272c        -       0x00000001   Zero   RW          381    .bss.ucMaxSysCallPriority  port.o
    0x2000272d   0x0000478c   0x00000003   PAD
    0x20002730        -       0x00000004   Zero   RW          382    .bss.ulMaxPRIGROUPValue  port.o
    0x20002734        -       0x00000004   Zero   RW          665    .bss.uxCurrentNumberOfTasks  tasks.o
    0x20002738        -       0x00000004   Zero   RW          664    .bss.uxDeletedTasksWaitingCleanUp  tasks.o
    0x2000273c        -       0x00000004   Zero   RW          666    .bss.uxSchedulerSuspended  tasks.o
    0x20002740        -       0x00000004   Zero   RW          661    .bss.uxTaskNumber   tasks.o
    0x20002744        -       0x00000004   Zero   RW          673    .bss.uxTopReadyPriority  tasks.o
    0x20002748        -       0x00000200   Zero   RW          681    .bss.vApplicationGetIdleTaskMemory.uxIdleTaskStack  tasks.o
    0x20002948        -       0x0000005c   Zero   RW          680    .bss.vApplicationGetIdleTaskMemory.xIdleTaskTCB  tasks.o
    0x200029a4        -       0x00000200   Zero   RW          683    .bss.vApplicationGetTimerTaskMemory.uxTimerTaskStack  tasks.o
    0x20002ba4        -       0x0000005c   Zero   RW          682    .bss.vApplicationGetTimerTaskMemory.xTimerTaskTCB  tasks.o
    0x20002c00        -       0x00000014   Zero   RW          764    .bss.xActiveTimerList1  timers.o
    0x20002c14        -       0x00000014   Zero   RW          765    .bss.xActiveTimerList2  timers.o
    0x20002c28        -       0x00000004   Zero   RW           22    .bss.xButtonEventQueue  main.o
    0x20002c2c        -       0x00000014   Zero   RW          684    .bss.xDelayedTaskList1  tasks.o
    0x20002c40        -       0x00000014   Zero   RW          685    .bss.xDelayedTaskList2  tasks.o
    0x20002c54        -       0x00000004   Zero   RW          414    .bss.xFreeBytesRemaining  heap_4.o
    0x20002c58        -       0x00000004   Zero   RW           25    .bss.xGateStateMutex  main.o
    0x20002c5c        -       0x00000004   Zero   RW          676    .bss.xIdleTaskHandles  tasks.o
    0x20002c60        -       0x00000004   Zero   RW           20    .bss.xInputReadySemaphore  main.o
    0x20002c64        -       0x00000004   Zero   RW          417    .bss.xMinimumEverFreeBytesRemaining  heap_4.o
    0x20002c68        -       0x00000004   Zero   RW          675    .bss.xNextTaskUnblockTime  tasks.o
    0x20002c6c        -       0x00000004   Zero   RW          679    .bss.xNumOfOverflows  tasks.o
    0x20002c70        -       0x00000004   Zero   RW          418    .bss.xNumberOfSuccessfulAllocations  heap_4.o
    0x20002c74        -       0x00000004   Zero   RW          419    .bss.xNumberOfSuccessfulFrees  heap_4.o
    0x20002c78        -       0x00000004   Zero   RW           23    .bss.xObstacleSemaphore  main.o
    0x20002c7c        -       0x00000004   Zero   RW          678    .bss.xPendedTicks   tasks.o
    0x20002c80        -       0x00000014   Zero   RW          670    .bss.xPendingReadyList  tasks.o
    0x20002c94        -       0x00000004   Zero   RW          662    .bss.xSchedulerRunning  tasks.o
    0x20002c98        -       0x00000008   Zero   RW          415    .bss.xStart         heap_4.o
    0x20002ca0        -       0x00000014   Zero   RW          671    .bss.xSuspendedTaskList  tasks.o
    0x20002cb4        -       0x00000014   Zero   RW          663    .bss.xTasksWaitingTermination  tasks.o
    0x20002cc8        -       0x00000004   Zero   RW          667    .bss.xTickCount     tasks.o
    0x20002ccc        -       0x00000004   Zero   RW          758    .bss.xTimerQueue    timers.o
    0x20002cd0        -       0x00000004   Zero   RW          760    .bss.xTimerTaskHandle  timers.o
    0x20002cd4        -       0x00000004   Zero   RW          674    .bss.xYieldPendings  tasks.o
    0x20002cd8        -       0x00000000   Zero   RW          275    HEAP                startup_tm4c123.o
    0x20002cd8        -       0x00000200   Zero   RW          274    STACK               startup_tm4c123.o


==============================================================================

Image component sizes


      Code (inc. data)   RO Data    RW Data    ZI Data      Debug   Object Name

       422          0          0          0        420       4271   clib_os.o
        46          0          0          0          0      29832   cmsis_os2.o
       574          6          0          0          1       2175   gate_control.o
      1368          0          0          0       8220       4805   heap_4.o
       238          0          0          0          0       2317   list.o
      1958          0         30          0         17       4135   main.o
      1138         16          0          4          5       3707   port.o
      3174          0          0          0          0      15433   queue.o
       172          0          0          0          0       1093   safety_task.o
       276         24        620          0        512       5476   startup_tm4c123.o
       268          0          0          4          0       6779   system_tm4c123.o
      5860          0          9          0       2488      27939   tasks.o
      1306         10          8          0        220      11447   timers.o

    ----------------------------------------------------------------------
     16890         56        700          8      11888     119409   Object Totals
         0          0         32          0          0          0   (incl. Generated)
        90          0          1          0          5          0   (incl. Padding)

    ----------------------------------------------------------------------

      Code (inc. data)   RO Data    RW Data    ZI Data      Debug   Library Member Name

         8          0          0          0          0         68   __main.o
         0          0          0          0          0          0   __rtentry.o
        20          0          0          0          0          0   __rtentry2.o
         6          0          0          0          0          0   __rtentry4.o
        52          8          0          0          0          0   __scatter.o
        26          0          0          0          0          0   __scatter_copy.o
        28          0          0          0          0          0   __scatter_zi.o
        16          0          0          0          0         68   aeabi_memset4.o
        18          0          0          0          0         80   exit.o
         6          0          0          0          0        152   heapauxi.o
         0          0          0          0          0          0   indicate_semi.o
         2          0          0          0          0          0   libinit.o
         6          0          0          0          0          0   libinit2.o
         2          0          0          0          0          0   libshutdown.o
         2          0          0          0          0          0   libshutdown2.o
         8          4          0          0         96         68   libspace.o
        68          0          0          0          0         68   rt_memclr.o
        78          0          0          0          0         80   rt_memclr_w.o
       138          0          0          0          0         68   rt_memcpy_v6.o
       100          0          0          0          0         80   rt_memcpy_w.o
         2          0          0          0          0          0   rtexit.o
        10          0          0          0          0          0   rtexit2.o
        12          4          0          0          0         68   sys_exit.o
        74          0          0          0          0         80   sys_stackheap_outer.o
         2          0          0          0          0         68   use_no_semi.o
        26          0          0          0          0        116   fpinit.o

    ----------------------------------------------------------------------
       718         16          0          0         96       1064   Library Totals
         8          0          0          0          0          0   (incl. Padding)

    ----------------------------------------------------------------------

      Code (inc. data)   RO Data    RW Data    ZI Data      Debug   Library Name

       684         16          0          0         96        948   c_w.l
        26          0          0          0          0        116   fz_wm.l

    ----------------------------------------------------------------------
       718         16          0          0         96       1064   Library Totals

    ----------------------------------------------------------------------

==============================================================================


      Code (inc. data)   RO Data    RW Data    ZI Data      Debug   

     17608         72        700          8      11984     119837   Grand Totals
     17608         72        700          8      11984     119837   ELF Image Totals
     17608         72        700          8          0          0   ROM Totals

==============================================================================

    Total RO  Size (Code + RO Data)                18308 (  17.88kB)
    Total RW  Size (RW Data + ZI Data)             11992 (  11.71kB)
    Total ROM Size (Code + RO Data + RW Data)      18316 (  17.89kB)

==============================================================================

